
Memory Configuration

Name             Origin             Length             Attributes
Mem              0x00000000         0x04000000         xrw
*default*        0x00000000         0xffffffff

Linker script and memory map

                0x00010000                . = 0x10000

.startup        0x00010000       0x10
 startup.o(.text)
 .text          0x00010000       0x10 startup.o
                0x00010000                reset

.text           0x00010010       0x68
 *(.text)
 .text          0x00010010       0x18 ../C_files/app.o
                0x00010010                main
 .text          0x00010028       0x50 ../C_files/uart.o
                0x00010028                Uart_Send_string
 *(.rodata)

.glue_7         0x00010078        0x0
 .glue_7        0x00000000        0x0 linker stubs

.glue_7t        0x00010078        0x0
 .glue_7t       0x00000000        0x0 linker stubs

.vfp11_veneer   0x00010078        0x0
 .vfp11_veneer  0x00000000        0x0 linker stubs

.v4_bx          0x00010078        0x0
 .v4_bx         0x00000000        0x0 linker stubs

.iplt           0x00010078        0x0
 .iplt          0x00000000        0x0 startup.o

.rel.dyn        0x00010078        0x0
 .rel.iplt      0x00000000        0x0 startup.o

.data           0x00010078       0x64
 *(.data)
 .data          0x00010078        0x0 startup.o
 .data          0x00010078       0x64 ../C_files/app.o
                0x00010078                string_buffer
 .data          0x000100dc        0x0 ../C_files/uart.o

.igot.plt       0x000100dc        0x0
 .igot.plt      0x00000000        0x0 startup.o

.bss            0x000100dc        0x0
 *(.bss)
 .bss           0x000100dc        0x0 startup.o
 .bss           0x000100dc        0x0 ../C_files/app.o
 .bss           0x000100dc        0x0 ../C_files/uart.o
 *(COMMON)
                0x000110dc                . = (. + 0x1000)
                0x000110dc                stack_top = .
LOAD ../C_files/app.o
LOAD ../C_files/uart.o
LOAD startup.o
OUTPUT(learn-in-depth.elf elf32-littlearm)

.ARM.attributes
                0x00000000       0x2e
 .ARM.attributes
                0x00000000       0x22 startup.o
 .ARM.attributes
                0x00000022       0x32 ../C_files/app.o
 .ARM.attributes
                0x00000054       0x32 ../C_files/uart.o

.comment        0x00000000       0x11
 .comment       0x00000000       0x11 ../C_files/app.o
                                 0x12 (size before relaxing)
 .comment       0x00000000       0x12 ../C_files/uart.o

.debug_line     0x00000000       0xc2
 .debug_line    0x00000000       0x3a startup.o
 .debug_line    0x0000003a       0x40 ../C_files/app.o
 .debug_line    0x0000007a       0x48 ../C_files/uart.o

.debug_info     0x00000000      0x168
 .debug_info    0x00000000       0xa0 startup.o
 .debug_info    0x000000a0       0x6c ../C_files/app.o
 .debug_info    0x0000010c       0x5c ../C_files/uart.o

.debug_abbrev   0x00000000       0xbf
 .debug_abbrev  0x00000000       0x14 startup.o
 .debug_abbrev  0x00000014       0x5a ../C_files/app.o
 .debug_abbrev  0x0000006e       0x51 ../C_files/uart.o

.debug_aranges  0x00000000       0x60
 .debug_aranges
                0x00000000       0x20 startup.o
 .debug_aranges
                0x00000020       0x20 ../C_files/app.o
 .debug_aranges
                0x00000040       0x20 ../C_files/uart.o

.debug_loc      0x00000000       0x58
 .debug_loc     0x00000000       0x2c ../C_files/app.o
 .debug_loc     0x0000002c       0x2c ../C_files/uart.o

.debug_str      0x00000000       0xe4
 .debug_str     0x00000000       0xb5 ../C_files/app.o
 .debug_str     0x000000b5       0x2f ../C_files/uart.o
                                 0xb7 (size before relaxing)

.debug_frame    0x00000000       0x54
 .debug_frame   0x00000000       0x2c ../C_files/app.o
 .debug_frame   0x0000002c       0x28 ../C_files/uart.o
