
Allocating common symbols
Common symbol       size              file

bss_var             0x3               ../C_files/main.o

Memory Configuration

Name             Origin             Length             Attributes
flash            0x08000000         0x00020000         xr
sram             0x20000000         0x00005000         xrw
*default*        0x00000000         0xffffffff

Linker script and memory map


.text           0x08000000      0x104
 *(.vectors*)
 .vectors       0x08000000       0x50 startup.o
 *(.text*)
 .text          0x08000050       0xa8 ../C_files/main.o
                0x08000050                main
 .text          0x080000f8        0x8 startup.o
 *(.rodata)
 .rodata        0x08000100        0x4 ../C_files/main.o
                0x08000100                const_variables
                0x08000104                _E_text = .

.glue_7         0x08000104        0x0
 .glue_7        0x00000000        0x0 linker stubs

.glue_7t        0x08000104        0x0
 .glue_7t       0x00000000        0x0 linker stubs

.vfp11_veneer   0x08000104        0x0
 .vfp11_veneer  0x00000000        0x0 linker stubs

.v4_bx          0x08000104        0x0
 .v4_bx         0x00000000        0x0 linker stubs

.iplt           0x08000104        0x0
 .iplt          0x00000000        0x0 ../C_files/main.o

.rel.dyn        0x08000104        0x0
 .rel.iplt      0x00000000        0x0 ../C_files/main.o

.data           0x20000000        0x8 load address 0x08000104
                0x20000000                _S_DATA = .
 *(.data)
 .data          0x20000000        0x8 ../C_files/main.o
                0x20000000                R_ODR
                0x20000004                g_variable
 .data          0x20000008        0x0 startup.o
                0x20000008                . = ALIGN (0x4)
                0x20000008                _E_DATA = .

.igot.plt       0x20000008        0x0 load address 0x0800010c
 .igot.plt      0x00000000        0x0 ../C_files/main.o

.bss            0x20000008     0x1003 load address 0x0800010c
                0x20000008                _S_bss = .
 *(.bss*)
 .bss           0x20000008        0x0 ../C_files/main.o
 .bss           0x20000008        0x0 startup.o
                0x20000008                _E_bss = .
                0x20000008                . = ALIGN (0x4)
                0x20001008                . = (. + 0x1000)
 *fill*         0x20000008     0x1000 
                0x20001008                _stack_top = .
 COMMON         0x20001008        0x3 ../C_files/main.o
                0x20001008                bss_var
LOAD ../C_files/main.o
LOAD startup.o
OUTPUT(learn_in_depth_cortex_m3.elf elf32-littlearm)

.debug_info     0x00000000      0x235
 .debug_info    0x00000000      0x180 ../C_files/main.o
 .debug_info    0x00000180       0xb5 startup.o

.debug_abbrev   0x00000000      0x102
 .debug_abbrev  0x00000000       0xee ../C_files/main.o
 .debug_abbrev  0x000000ee       0x14 startup.o

.debug_loc      0x00000000       0x38
 .debug_loc     0x00000000       0x38 ../C_files/main.o

.debug_aranges  0x00000000       0x40
 .debug_aranges
                0x00000000       0x20 ../C_files/main.o
 .debug_aranges
                0x00000020       0x20 startup.o

.debug_line     0x00000000       0xe1
 .debug_line    0x00000000       0xa6 ../C_files/main.o
 .debug_line    0x000000a6       0x3b startup.o

.debug_str      0x00000000      0x153
 .debug_str     0x00000000      0x153 ../C_files/main.o
                                0x190 (size before relaxing)

.comment        0x00000000       0x11
 .comment       0x00000000       0x11 ../C_files/main.o
                                 0x12 (size before relaxing)

.ARM.attributes
                0x00000000       0x31
 .ARM.attributes
                0x00000000       0x33 ../C_files/main.o
 .ARM.attributes
                0x00000033       0x21 startup.o

.debug_frame    0x00000000       0x2c
 .debug_frame   0x00000000       0x2c ../C_files/main.o
