Archive member included to satisfy reference by file (symbol)

c:/st/stm32cubeide_1.4.0/stm32cubeide/plugins/com.st.stm32cube.ide.mcu.externaltools.gnu-tools-for-stm32.7-2018-q2-update.win32_1.4.0.202007081208/tools/bin/../lib/gcc/arm-none-eabi/7.3.1/../../../../arm-none-eabi/lib/thumb/v7-m\libc_nano.a(lib_a-errno.o)
                              Src/syscalls.o (__errno)
c:/st/stm32cubeide_1.4.0/stm32cubeide/plugins/com.st.stm32cube.ide.mcu.externaltools.gnu-tools-for-stm32.7-2018-q2-update.win32_1.4.0.202007081208/tools/bin/../lib/gcc/arm-none-eabi/7.3.1/../../../../arm-none-eabi/lib/thumb/v7-m\libc_nano.a(lib_a-exit.o)
                              c:/st/stm32cubeide_1.4.0/stm32cubeide/plugins/com.st.stm32cube.ide.mcu.externaltools.gnu-tools-for-stm32.7-2018-q2-update.win32_1.4.0.202007081208/tools/bin/../lib/gcc/arm-none-eabi/7.3.1/../../../../arm-none-eabi/lib/thumb/v7-m/crt0.o (exit)
c:/st/stm32cubeide_1.4.0/stm32cubeide/plugins/com.st.stm32cube.ide.mcu.externaltools.gnu-tools-for-stm32.7-2018-q2-update.win32_1.4.0.202007081208/tools/bin/../lib/gcc/arm-none-eabi/7.3.1/../../../../arm-none-eabi/lib/thumb/v7-m\libc_nano.a(lib_a-impure.o)
                              c:/st/stm32cubeide_1.4.0/stm32cubeide/plugins/com.st.stm32cube.ide.mcu.externaltools.gnu-tools-for-stm32.7-2018-q2-update.win32_1.4.0.202007081208/tools/bin/../lib/gcc/arm-none-eabi/7.3.1/../../../../arm-none-eabi/lib/thumb/v7-m\libc_nano.a(lib_a-exit.o) (_global_impure_ptr)
c:/st/stm32cubeide_1.4.0/stm32cubeide/plugins/com.st.stm32cube.ide.mcu.externaltools.gnu-tools-for-stm32.7-2018-q2-update.win32_1.4.0.202007081208/tools/bin/../lib/gcc/arm-none-eabi/7.3.1/../../../../arm-none-eabi/lib/thumb/v7-m\libc_nano.a(lib_a-init.o)
                              c:/st/stm32cubeide_1.4.0/stm32cubeide/plugins/com.st.stm32cube.ide.mcu.externaltools.gnu-tools-for-stm32.7-2018-q2-update.win32_1.4.0.202007081208/tools/bin/../lib/gcc/arm-none-eabi/7.3.1/../../../../arm-none-eabi/lib/thumb/v7-m/crt0.o (__libc_init_array)
c:/st/stm32cubeide_1.4.0/stm32cubeide/plugins/com.st.stm32cube.ide.mcu.externaltools.gnu-tools-for-stm32.7-2018-q2-update.win32_1.4.0.202007081208/tools/bin/../lib/gcc/arm-none-eabi/7.3.1/../../../../arm-none-eabi/lib/thumb/v7-m\libc_nano.a(lib_a-memset.o)
                              c:/st/stm32cubeide_1.4.0/stm32cubeide/plugins/com.st.stm32cube.ide.mcu.externaltools.gnu-tools-for-stm32.7-2018-q2-update.win32_1.4.0.202007081208/tools/bin/../lib/gcc/arm-none-eabi/7.3.1/../../../../arm-none-eabi/lib/thumb/v7-m/crt0.o (memset)

Allocating common symbols
Common symbol       size              file

IRQ_Flag            0x1               Src/main.o
PinCfg              0x4               HAL/lcd.o
GP_IRQ_CallBack     0x40              Stm32_F103C6_Drivers/Stm32_F103C6_EXTI_Driver.o

Discarded input sections

 .text          0x0000000000000000        0x0 c:/st/stm32cubeide_1.4.0/stm32cubeide/plugins/com.st.stm32cube.ide.mcu.externaltools.gnu-tools-for-stm32.7-2018-q2-update.win32_1.4.0.202007081208/tools/bin/../lib/gcc/arm-none-eabi/7.3.1/thumb/v7-m/crti.o
 .data          0x0000000000000000        0x0 c:/st/stm32cubeide_1.4.0/stm32cubeide/plugins/com.st.stm32cube.ide.mcu.externaltools.gnu-tools-for-stm32.7-2018-q2-update.win32_1.4.0.202007081208/tools/bin/../lib/gcc/arm-none-eabi/7.3.1/thumb/v7-m/crti.o
 .bss           0x0000000000000000        0x0 c:/st/stm32cubeide_1.4.0/stm32cubeide/plugins/com.st.stm32cube.ide.mcu.externaltools.gnu-tools-for-stm32.7-2018-q2-update.win32_1.4.0.202007081208/tools/bin/../lib/gcc/arm-none-eabi/7.3.1/thumb/v7-m/crti.o
 .data          0x0000000000000000        0x4 c:/st/stm32cubeide_1.4.0/stm32cubeide/plugins/com.st.stm32cube.ide.mcu.externaltools.gnu-tools-for-stm32.7-2018-q2-update.win32_1.4.0.202007081208/tools/bin/../lib/gcc/arm-none-eabi/7.3.1/thumb/v7-m/crtbegin.o
 .text          0x0000000000000000       0x74 c:/st/stm32cubeide_1.4.0/stm32cubeide/plugins/com.st.stm32cube.ide.mcu.externaltools.gnu-tools-for-stm32.7-2018-q2-update.win32_1.4.0.202007081208/tools/bin/../lib/gcc/arm-none-eabi/7.3.1/../../../../arm-none-eabi/lib/thumb/v7-m/crt0.o
 .data          0x0000000000000000        0x0 c:/st/stm32cubeide_1.4.0/stm32cubeide/plugins/com.st.stm32cube.ide.mcu.externaltools.gnu-tools-for-stm32.7-2018-q2-update.win32_1.4.0.202007081208/tools/bin/../lib/gcc/arm-none-eabi/7.3.1/../../../../arm-none-eabi/lib/thumb/v7-m/crt0.o
 .bss           0x0000000000000000        0x0 c:/st/stm32cubeide_1.4.0/stm32cubeide/plugins/com.st.stm32cube.ide.mcu.externaltools.gnu-tools-for-stm32.7-2018-q2-update.win32_1.4.0.202007081208/tools/bin/../lib/gcc/arm-none-eabi/7.3.1/../../../../arm-none-eabi/lib/thumb/v7-m/crt0.o
 .ARM.extab     0x0000000000000000        0x0 c:/st/stm32cubeide_1.4.0/stm32cubeide/plugins/com.st.stm32cube.ide.mcu.externaltools.gnu-tools-for-stm32.7-2018-q2-update.win32_1.4.0.202007081208/tools/bin/../lib/gcc/arm-none-eabi/7.3.1/../../../../arm-none-eabi/lib/thumb/v7-m/crt0.o
 .ARM.exidx     0x0000000000000000        0x8 c:/st/stm32cubeide_1.4.0/stm32cubeide/plugins/com.st.stm32cube.ide.mcu.externaltools.gnu-tools-for-stm32.7-2018-q2-update.win32_1.4.0.202007081208/tools/bin/../lib/gcc/arm-none-eabi/7.3.1/../../../../arm-none-eabi/lib/thumb/v7-m/crt0.o
 .ARM.attributes
                0x0000000000000000       0x1b c:/st/stm32cubeide_1.4.0/stm32cubeide/plugins/com.st.stm32cube.ide.mcu.externaltools.gnu-tools-for-stm32.7-2018-q2-update.win32_1.4.0.202007081208/tools/bin/../lib/gcc/arm-none-eabi/7.3.1/../../../../arm-none-eabi/lib/thumb/v7-m/crt0.o
 .group         0x0000000000000000        0xc HAL/lcd.o
 .group         0x0000000000000000        0xc HAL/lcd.o
 .group         0x0000000000000000        0xc HAL/lcd.o
 .group         0x0000000000000000        0xc HAL/lcd.o
 .group         0x0000000000000000        0xc HAL/lcd.o
 .group         0x0000000000000000        0xc HAL/lcd.o
 .group         0x0000000000000000        0xc HAL/lcd.o
 .group         0x0000000000000000        0xc HAL/lcd.o
 .group         0x0000000000000000        0xc HAL/lcd.o
 .group         0x0000000000000000        0xc HAL/lcd.o
 .group         0x0000000000000000        0xc HAL/lcd.o
 .group         0x0000000000000000        0xc HAL/lcd.o
 .group         0x0000000000000000        0xc HAL/lcd.o
 .group         0x0000000000000000        0xc HAL/lcd.o
 .group         0x0000000000000000        0xc HAL/lcd.o
 .group         0x0000000000000000        0xc HAL/lcd.o
 .group         0x0000000000000000        0xc HAL/lcd.o
 .group         0x0000000000000000        0xc HAL/lcd.o
 .group         0x0000000000000000        0xc HAL/lcd.o
 .group         0x0000000000000000        0xc HAL/lcd.o
 .group         0x0000000000000000        0xc HAL/lcd.o
 .group         0x0000000000000000        0xc HAL/lcd.o
 .group         0x0000000000000000        0xc HAL/lcd.o
 .group         0x0000000000000000        0xc HAL/lcd.o
 .group         0x0000000000000000        0xc HAL/lcd.o
 .text          0x0000000000000000        0x0 HAL/lcd.o
 .data          0x0000000000000000        0x0 HAL/lcd.o
 .bss           0x0000000000000000        0x0 HAL/lcd.o
 .group         0x0000000000000000        0xc Src/main.o
 .group         0x0000000000000000        0xc Src/main.o
 .group         0x0000000000000000        0xc Src/main.o
 .group         0x0000000000000000        0xc Src/main.o
 .group         0x0000000000000000        0xc Src/main.o
 .group         0x0000000000000000        0xc Src/main.o
 .group         0x0000000000000000        0xc Src/main.o
 .group         0x0000000000000000        0xc Src/main.o
 .group         0x0000000000000000        0xc Src/main.o
 .group         0x0000000000000000        0xc Src/main.o
 .group         0x0000000000000000        0xc Src/main.o
 .group         0x0000000000000000        0xc Src/main.o
 .group         0x0000000000000000        0xc Src/main.o
 .group         0x0000000000000000        0xc Src/main.o
 .group         0x0000000000000000        0xc Src/main.o
 .group         0x0000000000000000        0xc Src/main.o
 .group         0x0000000000000000        0xc Src/main.o
 .group         0x0000000000000000        0xc Src/main.o
 .group         0x0000000000000000        0xc Src/main.o
 .group         0x0000000000000000        0xc Src/main.o
 .group         0x0000000000000000        0xc Src/main.o
 .group         0x0000000000000000        0xc Src/main.o
 .group         0x0000000000000000        0xc Src/main.o
 .group         0x0000000000000000        0xc Src/main.o
 .group         0x0000000000000000        0xc Src/main.o
 .group         0x0000000000000000        0xc Src/main.o
 .text          0x0000000000000000        0x0 Src/main.o
 .data          0x0000000000000000        0x0 Src/main.o
 .bss           0x0000000000000000        0x0 Src/main.o
 .debug_macro   0x0000000000000000      0xa60 Src/main.o
 .debug_macro   0x0000000000000000       0x18 Src/main.o
 .debug_macro   0x0000000000000000       0x22 Src/main.o
 .debug_macro   0x0000000000000000       0x40 Src/main.o
 .debug_macro   0x0000000000000000       0x94 Src/main.o
 .debug_macro   0x0000000000000000       0x3c Src/main.o
 .debug_macro   0x0000000000000000       0x34 Src/main.o
 .debug_macro   0x0000000000000000       0x16 Src/main.o
 .debug_macro   0x0000000000000000      0x10e Src/main.o
 .debug_macro   0x0000000000000000       0x8d Src/main.o
 .debug_macro   0x0000000000000000       0x57 Src/main.o
 .debug_macro   0x0000000000000000       0x52 Src/main.o
 .debug_macro   0x0000000000000000       0x1f Src/main.o
 .debug_macro   0x0000000000000000       0x43 Src/main.o
 .debug_macro   0x0000000000000000       0x20 Src/main.o
 .debug_macro   0x0000000000000000      0x1a3 Src/main.o
 .debug_macro   0x0000000000000000      0x330 Src/main.o
 .debug_macro   0x0000000000000000       0x16 Src/main.o
 .debug_macro   0x0000000000000000       0x29 Src/main.o
 .debug_macro   0x0000000000000000       0xef Src/main.o
 .debug_macro   0x0000000000000000       0x6a Src/main.o
 .debug_macro   0x0000000000000000      0x1df Src/main.o
 .debug_macro   0x0000000000000000      0x1b0 Src/main.o
 .debug_macro   0x0000000000000000       0xd0 Src/main.o
 .group         0x0000000000000000        0xc Src/syscalls.o
 .group         0x0000000000000000        0xc Src/syscalls.o
 .group         0x0000000000000000        0xc Src/syscalls.o
 .group         0x0000000000000000        0xc Src/syscalls.o
 .group         0x0000000000000000        0xc Src/syscalls.o
 .group         0x0000000000000000        0xc Src/syscalls.o
 .group         0x0000000000000000        0xc Src/syscalls.o
 .group         0x0000000000000000        0xc Src/syscalls.o
 .group         0x0000000000000000        0xc Src/syscalls.o
 .group         0x0000000000000000        0xc Src/syscalls.o
 .group         0x0000000000000000        0xc Src/syscalls.o
 .group         0x0000000000000000        0xc Src/syscalls.o
 .group         0x0000000000000000        0xc Src/syscalls.o
 .group         0x0000000000000000        0xc Src/syscalls.o
 .group         0x0000000000000000        0xc Src/syscalls.o
 .group         0x0000000000000000        0xc Src/syscalls.o
 .group         0x0000000000000000        0xc Src/syscalls.o
 .group         0x0000000000000000        0xc Src/syscalls.o
 .group         0x0000000000000000        0xc Src/syscalls.o
 .group         0x0000000000000000        0xc Src/syscalls.o
 .group         0x0000000000000000        0xc Src/syscalls.o
 .group         0x0000000000000000        0xc Src/syscalls.o
 .group         0x0000000000000000        0xc Src/syscalls.o
 .group         0x0000000000000000        0xc Src/syscalls.o
 .group         0x0000000000000000        0xc Src/syscalls.o
 .group         0x0000000000000000        0xc Src/syscalls.o
 .group         0x0000000000000000        0xc Src/syscalls.o
 .group         0x0000000000000000        0xc Src/syscalls.o
 .group         0x0000000000000000        0xc Src/syscalls.o
 .group         0x0000000000000000        0xc Src/syscalls.o
 .group         0x0000000000000000        0xc Src/syscalls.o
 .group         0x0000000000000000        0xc Src/syscalls.o
 .group         0x0000000000000000        0xc Src/syscalls.o
 .group         0x0000000000000000        0xc Src/syscalls.o
 .group         0x0000000000000000        0xc Src/syscalls.o
 .group         0x0000000000000000        0xc Src/syscalls.o
 .group         0x0000000000000000        0xc Src/syscalls.o
 .group         0x0000000000000000        0xc Src/syscalls.o
 .group         0x0000000000000000        0xc Src/syscalls.o
 .group         0x0000000000000000        0xc Src/syscalls.o
 .group         0x0000000000000000        0xc Src/syscalls.o
 .group         0x0000000000000000        0xc Src/syscalls.o
 .group         0x0000000000000000        0xc Src/syscalls.o
 .group         0x0000000000000000        0xc Src/syscalls.o
 .text          0x0000000000000000        0x0 Src/syscalls.o
 .data          0x0000000000000000        0x0 Src/syscalls.o
 .bss           0x0000000000000000        0x0 Src/syscalls.o
 .bss.__env     0x0000000000000000        0x4 Src/syscalls.o
 .data.environ  0x0000000000000000        0x4 Src/syscalls.o
 .text.initialise_monitor_handles
                0x0000000000000000        0xc Src/syscalls.o
 .text._getpid  0x0000000000000000        0xe Src/syscalls.o
 .text._kill    0x0000000000000000       0x20 Src/syscalls.o
 .text._exit    0x0000000000000000       0x14 Src/syscalls.o
 .text._read    0x0000000000000000       0x3a Src/syscalls.o
 .text._write   0x0000000000000000       0x38 Src/syscalls.o
 .text._close   0x0000000000000000       0x16 Src/syscalls.o
 .text._fstat   0x0000000000000000       0x1e Src/syscalls.o
 .text._isatty  0x0000000000000000       0x14 Src/syscalls.o
 .text._lseek   0x0000000000000000       0x18 Src/syscalls.o
 .text._open    0x0000000000000000       0x1a Src/syscalls.o
 .text._wait    0x0000000000000000       0x1e Src/syscalls.o
 .text._unlink  0x0000000000000000       0x1e Src/syscalls.o
 .text._times   0x0000000000000000       0x16 Src/syscalls.o
 .text._stat    0x0000000000000000       0x1e Src/syscalls.o
 .text._link    0x0000000000000000       0x20 Src/syscalls.o
 .text._fork    0x0000000000000000       0x16 Src/syscalls.o
 .text._execve  0x0000000000000000       0x22 Src/syscalls.o
 .debug_info    0x0000000000000000     0x1038 Src/syscalls.o
 .debug_abbrev  0x0000000000000000      0x254 Src/syscalls.o
 .debug_loc     0x0000000000000000      0x5b8 Src/syscalls.o
 .debug_aranges
                0x0000000000000000       0xa8 Src/syscalls.o
 .debug_ranges  0x0000000000000000       0x98 Src/syscalls.o
 .debug_macro   0x0000000000000000      0x243 Src/syscalls.o
 .debug_macro   0x0000000000000000      0xa60 Src/syscalls.o
 .debug_macro   0x0000000000000000       0x22 Src/syscalls.o
 .debug_macro   0x0000000000000000       0x40 Src/syscalls.o
 .debug_macro   0x0000000000000000       0x18 Src/syscalls.o
 .debug_macro   0x0000000000000000       0x94 Src/syscalls.o
 .debug_macro   0x0000000000000000       0x3c Src/syscalls.o
 .debug_macro   0x0000000000000000       0x34 Src/syscalls.o
 .debug_macro   0x0000000000000000       0x57 Src/syscalls.o
 .debug_macro   0x0000000000000000      0x174 Src/syscalls.o
 .debug_macro   0x0000000000000000      0x330 Src/syscalls.o
 .debug_macro   0x0000000000000000       0x52 Src/syscalls.o
 .debug_macro   0x0000000000000000       0x1f Src/syscalls.o
 .debug_macro   0x0000000000000000       0x43 Src/syscalls.o
 .debug_macro   0x0000000000000000       0x20 Src/syscalls.o
 .debug_macro   0x0000000000000000      0x1a3 Src/syscalls.o
 .debug_macro   0x0000000000000000       0x10 Src/syscalls.o
 .debug_macro   0x0000000000000000       0x35 Src/syscalls.o
 .debug_macro   0x0000000000000000       0x10 Src/syscalls.o
 .debug_macro   0x0000000000000000       0x10 Src/syscalls.o
 .debug_macro   0x0000000000000000       0x10 Src/syscalls.o
 .debug_macro   0x0000000000000000       0x6a Src/syscalls.o
 .debug_macro   0x0000000000000000       0x1c Src/syscalls.o
 .debug_macro   0x0000000000000000       0x52 Src/syscalls.o
 .debug_macro   0x0000000000000000       0x40 Src/syscalls.o
 .debug_macro   0x0000000000000000       0x10 Src/syscalls.o
 .debug_macro   0x0000000000000000       0x40 Src/syscalls.o
 .debug_macro   0x0000000000000000       0xd7 Src/syscalls.o
 .debug_macro   0x0000000000000000       0x1c Src/syscalls.o
 .debug_macro   0x0000000000000000       0x3d Src/syscalls.o
 .debug_macro   0x0000000000000000       0x35 Src/syscalls.o
 .debug_macro   0x0000000000000000      0x122 Src/syscalls.o
 .debug_macro   0x0000000000000000       0x16 Src/syscalls.o
 .debug_macro   0x0000000000000000       0x16 Src/syscalls.o
 .debug_macro   0x0000000000000000       0x29 Src/syscalls.o
 .debug_macro   0x0000000000000000       0x10 Src/syscalls.o
 .debug_macro   0x0000000000000000      0x241 Src/syscalls.o
 .debug_macro   0x0000000000000000       0x1c Src/syscalls.o
 .debug_macro   0x0000000000000000       0x10 Src/syscalls.o
 .debug_macro   0x0000000000000000       0x10 Src/syscalls.o
 .debug_macro   0x0000000000000000       0x16 Src/syscalls.o
 .debug_macro   0x0000000000000000      0x145 Src/syscalls.o
 .debug_macro   0x0000000000000000      0x189 Src/syscalls.o
 .debug_macro   0x0000000000000000       0x16 Src/syscalls.o
 .debug_macro   0x0000000000000000       0x88 Src/syscalls.o
 .debug_line    0x0000000000000000      0x739 Src/syscalls.o
 .debug_str     0x0000000000000000     0x8879 Src/syscalls.o
 .comment       0x0000000000000000       0x7c Src/syscalls.o
 .debug_frame   0x0000000000000000      0x2ac Src/syscalls.o
 .ARM.attributes
                0x0000000000000000       0x33 Src/syscalls.o
 .group         0x0000000000000000        0xc Src/sysmem.o
 .group         0x0000000000000000        0xc Src/sysmem.o
 .group         0x0000000000000000        0xc Src/sysmem.o
 .group         0x0000000000000000        0xc Src/sysmem.o
 .group         0x0000000000000000        0xc Src/sysmem.o
 .group         0x0000000000000000        0xc Src/sysmem.o
 .group         0x0000000000000000        0xc Src/sysmem.o
 .group         0x0000000000000000        0xc Src/sysmem.o
 .group         0x0000000000000000        0xc Src/sysmem.o
 .group         0x0000000000000000        0xc Src/sysmem.o
 .group         0x0000000000000000        0xc Src/sysmem.o
 .group         0x0000000000000000        0xc Src/sysmem.o
 .group         0x0000000000000000        0xc Src/sysmem.o
 .group         0x0000000000000000        0xc Src/sysmem.o
 .group         0x0000000000000000        0xc Src/sysmem.o
 .group         0x0000000000000000        0xc Src/sysmem.o
 .group         0x0000000000000000        0xc Src/sysmem.o
 .group         0x0000000000000000        0xc Src/sysmem.o
 .group         0x0000000000000000        0xc Src/sysmem.o
 .text          0x0000000000000000        0x0 Src/sysmem.o
 .data          0x0000000000000000        0x0 Src/sysmem.o
 .bss           0x0000000000000000        0x0 Src/sysmem.o
 .bss.__sbrk_heap_end
                0x0000000000000000        0x4 Src/sysmem.o
 .text._sbrk    0x0000000000000000       0x6c Src/sysmem.o
 .debug_info    0x0000000000000000      0xa7c Src/sysmem.o
 .debug_abbrev  0x0000000000000000      0x18e Src/sysmem.o
 .debug_loc     0x0000000000000000       0x50 Src/sysmem.o
 .debug_aranges
                0x0000000000000000       0x20 Src/sysmem.o
 .debug_ranges  0x0000000000000000       0x10 Src/sysmem.o
 .debug_macro   0x0000000000000000       0xee Src/sysmem.o
 .debug_macro   0x0000000000000000      0xa60 Src/sysmem.o
 .debug_macro   0x0000000000000000       0x10 Src/sysmem.o
 .debug_macro   0x0000000000000000       0x22 Src/sysmem.o
 .debug_macro   0x0000000000000000       0x40 Src/sysmem.o
 .debug_macro   0x0000000000000000       0x18 Src/sysmem.o
 .debug_macro   0x0000000000000000       0x94 Src/sysmem.o
 .debug_macro   0x0000000000000000       0x3c Src/sysmem.o
 .debug_macro   0x0000000000000000       0x34 Src/sysmem.o
 .debug_macro   0x0000000000000000      0x174 Src/sysmem.o
 .debug_macro   0x0000000000000000       0x57 Src/sysmem.o
 .debug_macro   0x0000000000000000       0x52 Src/sysmem.o
 .debug_macro   0x0000000000000000       0x1f Src/sysmem.o
 .debug_macro   0x0000000000000000       0x43 Src/sysmem.o
 .debug_macro   0x0000000000000000       0x20 Src/sysmem.o
 .debug_macro   0x0000000000000000      0x1a3 Src/sysmem.o
 .debug_macro   0x0000000000000000      0x23b Src/sysmem.o
 .debug_macro   0x0000000000000000       0xef Src/sysmem.o
 .debug_macro   0x0000000000000000       0x6a Src/sysmem.o
 .debug_macro   0x0000000000000000      0x1df Src/sysmem.o
 .debug_line    0x0000000000000000      0x4c2 Src/sysmem.o
 .debug_str     0x0000000000000000     0x5f47 Src/sysmem.o
 .comment       0x0000000000000000       0x7c Src/sysmem.o
 .debug_frame   0x0000000000000000       0x34 Src/sysmem.o
 .ARM.attributes
                0x0000000000000000       0x33 Src/sysmem.o
 .text          0x0000000000000000       0x14 Startup/startup_stm32f103c6tx.o
 .data          0x0000000000000000        0x0 Startup/startup_stm32f103c6tx.o
 .bss           0x0000000000000000        0x0 Startup/startup_stm32f103c6tx.o
 .group         0x0000000000000000        0xc Stm32_F103C6_Drivers/Stm32_F103C6_EXTI_Driver.o
 .group         0x0000000000000000        0xc Stm32_F103C6_Drivers/Stm32_F103C6_EXTI_Driver.o
 .group         0x0000000000000000        0xc Stm32_F103C6_Drivers/Stm32_F103C6_EXTI_Driver.o
 .group         0x0000000000000000        0xc Stm32_F103C6_Drivers/Stm32_F103C6_EXTI_Driver.o
 .group         0x0000000000000000        0xc Stm32_F103C6_Drivers/Stm32_F103C6_EXTI_Driver.o
 .group         0x0000000000000000        0xc Stm32_F103C6_Drivers/Stm32_F103C6_EXTI_Driver.o
 .group         0x0000000000000000        0xc Stm32_F103C6_Drivers/Stm32_F103C6_EXTI_Driver.o
 .group         0x0000000000000000        0xc Stm32_F103C6_Drivers/Stm32_F103C6_EXTI_Driver.o
 .group         0x0000000000000000        0xc Stm32_F103C6_Drivers/Stm32_F103C6_EXTI_Driver.o
 .group         0x0000000000000000        0xc Stm32_F103C6_Drivers/Stm32_F103C6_EXTI_Driver.o
 .group         0x0000000000000000        0xc Stm32_F103C6_Drivers/Stm32_F103C6_EXTI_Driver.o
 .group         0x0000000000000000        0xc Stm32_F103C6_Drivers/Stm32_F103C6_EXTI_Driver.o
 .group         0x0000000000000000        0xc Stm32_F103C6_Drivers/Stm32_F103C6_EXTI_Driver.o
 .group         0x0000000000000000        0xc Stm32_F103C6_Drivers/Stm32_F103C6_EXTI_Driver.o
 .group         0x0000000000000000        0xc Stm32_F103C6_Drivers/Stm32_F103C6_EXTI_Driver.o
 .group         0x0000000000000000        0xc Stm32_F103C6_Drivers/Stm32_F103C6_EXTI_Driver.o
 .group         0x0000000000000000        0xc Stm32_F103C6_Drivers/Stm32_F103C6_EXTI_Driver.o
 .group         0x0000000000000000        0xc Stm32_F103C6_Drivers/Stm32_F103C6_EXTI_Driver.o
 .group         0x0000000000000000        0xc Stm32_F103C6_Drivers/Stm32_F103C6_EXTI_Driver.o
 .group         0x0000000000000000        0xc Stm32_F103C6_Drivers/Stm32_F103C6_EXTI_Driver.o
 .group         0x0000000000000000        0xc Stm32_F103C6_Drivers/Stm32_F103C6_EXTI_Driver.o
 .group         0x0000000000000000        0xc Stm32_F103C6_Drivers/Stm32_F103C6_EXTI_Driver.o
 .group         0x0000000000000000        0xc Stm32_F103C6_Drivers/Stm32_F103C6_EXTI_Driver.o
 .group         0x0000000000000000        0xc Stm32_F103C6_Drivers/Stm32_F103C6_EXTI_Driver.o
 .group         0x0000000000000000        0xc Stm32_F103C6_Drivers/Stm32_F103C6_EXTI_Driver.o
 .text          0x0000000000000000        0x0 Stm32_F103C6_Drivers/Stm32_F103C6_EXTI_Driver.o
 .data          0x0000000000000000        0x0 Stm32_F103C6_Drivers/Stm32_F103C6_EXTI_Driver.o
 .bss           0x0000000000000000        0x0 Stm32_F103C6_Drivers/Stm32_F103C6_EXTI_Driver.o
 .text.MCAL_EXTI_GPIO_DeInit
                0x0000000000000000       0x94 Stm32_F103C6_Drivers/Stm32_F103C6_EXTI_Driver.o
 .text.MCAL_EXTI_GPIO_Update
                0x0000000000000000       0x16 Stm32_F103C6_Drivers/Stm32_F103C6_EXTI_Driver.o
 .debug_macro   0x0000000000000000      0xa60 Stm32_F103C6_Drivers/Stm32_F103C6_EXTI_Driver.o
 .debug_macro   0x0000000000000000       0x18 Stm32_F103C6_Drivers/Stm32_F103C6_EXTI_Driver.o
 .debug_macro   0x0000000000000000       0x22 Stm32_F103C6_Drivers/Stm32_F103C6_EXTI_Driver.o
 .debug_macro   0x0000000000000000       0x40 Stm32_F103C6_Drivers/Stm32_F103C6_EXTI_Driver.o
 .debug_macro   0x0000000000000000       0x94 Stm32_F103C6_Drivers/Stm32_F103C6_EXTI_Driver.o
 .debug_macro   0x0000000000000000       0x3c Stm32_F103C6_Drivers/Stm32_F103C6_EXTI_Driver.o
 .debug_macro   0x0000000000000000       0x34 Stm32_F103C6_Drivers/Stm32_F103C6_EXTI_Driver.o
 .debug_macro   0x0000000000000000       0x16 Stm32_F103C6_Drivers/Stm32_F103C6_EXTI_Driver.o
 .debug_macro   0x0000000000000000      0x10e Stm32_F103C6_Drivers/Stm32_F103C6_EXTI_Driver.o
 .debug_macro   0x0000000000000000       0x8d Stm32_F103C6_Drivers/Stm32_F103C6_EXTI_Driver.o
 .debug_macro   0x0000000000000000       0x57 Stm32_F103C6_Drivers/Stm32_F103C6_EXTI_Driver.o
 .debug_macro   0x0000000000000000       0x52 Stm32_F103C6_Drivers/Stm32_F103C6_EXTI_Driver.o
 .debug_macro   0x0000000000000000       0x1f Stm32_F103C6_Drivers/Stm32_F103C6_EXTI_Driver.o
 .debug_macro   0x0000000000000000       0x43 Stm32_F103C6_Drivers/Stm32_F103C6_EXTI_Driver.o
 .debug_macro   0x0000000000000000       0x20 Stm32_F103C6_Drivers/Stm32_F103C6_EXTI_Driver.o
 .debug_macro   0x0000000000000000      0x1a3 Stm32_F103C6_Drivers/Stm32_F103C6_EXTI_Driver.o
 .debug_macro   0x0000000000000000      0x330 Stm32_F103C6_Drivers/Stm32_F103C6_EXTI_Driver.o
 .debug_macro   0x0000000000000000       0x16 Stm32_F103C6_Drivers/Stm32_F103C6_EXTI_Driver.o
 .debug_macro   0x0000000000000000       0x29 Stm32_F103C6_Drivers/Stm32_F103C6_EXTI_Driver.o
 .debug_macro   0x0000000000000000       0xef Stm32_F103C6_Drivers/Stm32_F103C6_EXTI_Driver.o
 .debug_macro   0x0000000000000000       0x6a Stm32_F103C6_Drivers/Stm32_F103C6_EXTI_Driver.o
 .debug_macro   0x0000000000000000      0x1df Stm32_F103C6_Drivers/Stm32_F103C6_EXTI_Driver.o
 .debug_macro   0x0000000000000000      0x1b0 Stm32_F103C6_Drivers/Stm32_F103C6_EXTI_Driver.o
 .debug_macro   0x0000000000000000      0x21f Stm32_F103C6_Drivers/Stm32_F103C6_EXTI_Driver.o
 .group         0x0000000000000000        0xc Stm32_F103C6_Drivers/Stm32_F103C6_GPIO_Driver.o
 .group         0x0000000000000000        0xc Stm32_F103C6_Drivers/Stm32_F103C6_GPIO_Driver.o
 .group         0x0000000000000000        0xc Stm32_F103C6_Drivers/Stm32_F103C6_GPIO_Driver.o
 .group         0x0000000000000000        0xc Stm32_F103C6_Drivers/Stm32_F103C6_GPIO_Driver.o
 .group         0x0000000000000000        0xc Stm32_F103C6_Drivers/Stm32_F103C6_GPIO_Driver.o
 .group         0x0000000000000000        0xc Stm32_F103C6_Drivers/Stm32_F103C6_GPIO_Driver.o
 .group         0x0000000000000000        0xc Stm32_F103C6_Drivers/Stm32_F103C6_GPIO_Driver.o
 .group         0x0000000000000000        0xc Stm32_F103C6_Drivers/Stm32_F103C6_GPIO_Driver.o
 .group         0x0000000000000000        0xc Stm32_F103C6_Drivers/Stm32_F103C6_GPIO_Driver.o
 .group         0x0000000000000000        0xc Stm32_F103C6_Drivers/Stm32_F103C6_GPIO_Driver.o
 .group         0x0000000000000000        0xc Stm32_F103C6_Drivers/Stm32_F103C6_GPIO_Driver.o
 .group         0x0000000000000000        0xc Stm32_F103C6_Drivers/Stm32_F103C6_GPIO_Driver.o
 .group         0x0000000000000000        0xc Stm32_F103C6_Drivers/Stm32_F103C6_GPIO_Driver.o
 .group         0x0000000000000000        0xc Stm32_F103C6_Drivers/Stm32_F103C6_GPIO_Driver.o
 .group         0x0000000000000000        0xc Stm32_F103C6_Drivers/Stm32_F103C6_GPIO_Driver.o
 .group         0x0000000000000000        0xc Stm32_F103C6_Drivers/Stm32_F103C6_GPIO_Driver.o
 .group         0x0000000000000000        0xc Stm32_F103C6_Drivers/Stm32_F103C6_GPIO_Driver.o
 .group         0x0000000000000000        0xc Stm32_F103C6_Drivers/Stm32_F103C6_GPIO_Driver.o
 .group         0x0000000000000000        0xc Stm32_F103C6_Drivers/Stm32_F103C6_GPIO_Driver.o
 .group         0x0000000000000000        0xc Stm32_F103C6_Drivers/Stm32_F103C6_GPIO_Driver.o
 .group         0x0000000000000000        0xc Stm32_F103C6_Drivers/Stm32_F103C6_GPIO_Driver.o
 .group         0x0000000000000000        0xc Stm32_F103C6_Drivers/Stm32_F103C6_GPIO_Driver.o
 .group         0x0000000000000000        0xc Stm32_F103C6_Drivers/Stm32_F103C6_GPIO_Driver.o
 .group         0x0000000000000000        0xc Stm32_F103C6_Drivers/Stm32_F103C6_GPIO_Driver.o
 .text          0x0000000000000000        0x0 Stm32_F103C6_Drivers/Stm32_F103C6_GPIO_Driver.o
 .data          0x0000000000000000        0x0 Stm32_F103C6_Drivers/Stm32_F103C6_GPIO_Driver.o
 .bss           0x0000000000000000        0x0 Stm32_F103C6_Drivers/Stm32_F103C6_GPIO_Driver.o
 .text.MCAL_GPIO_DeInit
                0x0000000000000000       0x98 Stm32_F103C6_Drivers/Stm32_F103C6_GPIO_Driver.o
 .text.MCAL_GPIO_ReadPin
                0x0000000000000000       0x2e Stm32_F103C6_Drivers/Stm32_F103C6_GPIO_Driver.o
 .text.MCAL_GPIO_ReadPort
                0x0000000000000000       0x1a Stm32_F103C6_Drivers/Stm32_F103C6_GPIO_Driver.o
 .text.MCAL_GPIO_TogglePin
                0x0000000000000000       0x22 Stm32_F103C6_Drivers/Stm32_F103C6_GPIO_Driver.o
 .text.MCAL_GPIO_LockPin
                0x0000000000000000       0x66 Stm32_F103C6_Drivers/Stm32_F103C6_GPIO_Driver.o
 .debug_macro   0x0000000000000000      0xa60 Stm32_F103C6_Drivers/Stm32_F103C6_GPIO_Driver.o
 .debug_macro   0x0000000000000000       0x18 Stm32_F103C6_Drivers/Stm32_F103C6_GPIO_Driver.o
 .debug_macro   0x0000000000000000       0x22 Stm32_F103C6_Drivers/Stm32_F103C6_GPIO_Driver.o
 .debug_macro   0x0000000000000000       0x40 Stm32_F103C6_Drivers/Stm32_F103C6_GPIO_Driver.o
 .debug_macro   0x0000000000000000       0x94 Stm32_F103C6_Drivers/Stm32_F103C6_GPIO_Driver.o
 .debug_macro   0x0000000000000000       0x3c Stm32_F103C6_Drivers/Stm32_F103C6_GPIO_Driver.o
 .debug_macro   0x0000000000000000       0x34 Stm32_F103C6_Drivers/Stm32_F103C6_GPIO_Driver.o
 .debug_macro   0x0000000000000000       0x16 Stm32_F103C6_Drivers/Stm32_F103C6_GPIO_Driver.o
 .debug_macro   0x0000000000000000      0x10e Stm32_F103C6_Drivers/Stm32_F103C6_GPIO_Driver.o
 .debug_macro   0x0000000000000000       0x8d Stm32_F103C6_Drivers/Stm32_F103C6_GPIO_Driver.o
 .debug_macro   0x0000000000000000       0x57 Stm32_F103C6_Drivers/Stm32_F103C6_GPIO_Driver.o
 .debug_macro   0x0000000000000000       0x52 Stm32_F103C6_Drivers/Stm32_F103C6_GPIO_Driver.o
 .debug_macro   0x0000000000000000       0x1f Stm32_F103C6_Drivers/Stm32_F103C6_GPIO_Driver.o
 .debug_macro   0x0000000000000000       0x43 Stm32_F103C6_Drivers/Stm32_F103C6_GPIO_Driver.o
 .debug_macro   0x0000000000000000       0x20 Stm32_F103C6_Drivers/Stm32_F103C6_GPIO_Driver.o
 .debug_macro   0x0000000000000000      0x1a3 Stm32_F103C6_Drivers/Stm32_F103C6_GPIO_Driver.o
 .debug_macro   0x0000000000000000      0x330 Stm32_F103C6_Drivers/Stm32_F103C6_GPIO_Driver.o
 .debug_macro   0x0000000000000000       0x16 Stm32_F103C6_Drivers/Stm32_F103C6_GPIO_Driver.o
 .debug_macro   0x0000000000000000       0x29 Stm32_F103C6_Drivers/Stm32_F103C6_GPIO_Driver.o
 .debug_macro   0x0000000000000000       0xef Stm32_F103C6_Drivers/Stm32_F103C6_GPIO_Driver.o
 .debug_macro   0x0000000000000000       0x6a Stm32_F103C6_Drivers/Stm32_F103C6_GPIO_Driver.o
 .debug_macro   0x0000000000000000      0x1df Stm32_F103C6_Drivers/Stm32_F103C6_GPIO_Driver.o
 .debug_macro   0x0000000000000000      0x1b0 Stm32_F103C6_Drivers/Stm32_F103C6_GPIO_Driver.o
 .debug_macro   0x0000000000000000       0xd0 Stm32_F103C6_Drivers/Stm32_F103C6_GPIO_Driver.o
 .text          0x0000000000000000        0x0 c:/st/stm32cubeide_1.4.0/stm32cubeide/plugins/com.st.stm32cube.ide.mcu.externaltools.gnu-tools-for-stm32.7-2018-q2-update.win32_1.4.0.202007081208/tools/bin/../lib/gcc/arm-none-eabi/7.3.1/../../../../arm-none-eabi/lib/thumb/v7-m\libc_nano.a(lib_a-errno.o)
 .data          0x0000000000000000        0x0 c:/st/stm32cubeide_1.4.0/stm32cubeide/plugins/com.st.stm32cube.ide.mcu.externaltools.gnu-tools-for-stm32.7-2018-q2-update.win32_1.4.0.202007081208/tools/bin/../lib/gcc/arm-none-eabi/7.3.1/../../../../arm-none-eabi/lib/thumb/v7-m\libc_nano.a(lib_a-errno.o)
 .bss           0x0000000000000000        0x0 c:/st/stm32cubeide_1.4.0/stm32cubeide/plugins/com.st.stm32cube.ide.mcu.externaltools.gnu-tools-for-stm32.7-2018-q2-update.win32_1.4.0.202007081208/tools/bin/../lib/gcc/arm-none-eabi/7.3.1/../../../../arm-none-eabi/lib/thumb/v7-m\libc_nano.a(lib_a-errno.o)
 .text.__errno  0x0000000000000000        0xc c:/st/stm32cubeide_1.4.0/stm32cubeide/plugins/com.st.stm32cube.ide.mcu.externaltools.gnu-tools-for-stm32.7-2018-q2-update.win32_1.4.0.202007081208/tools/bin/../lib/gcc/arm-none-eabi/7.3.1/../../../../arm-none-eabi/lib/thumb/v7-m\libc_nano.a(lib_a-errno.o)
 .debug_frame   0x0000000000000000       0x20 c:/st/stm32cubeide_1.4.0/stm32cubeide/plugins/com.st.stm32cube.ide.mcu.externaltools.gnu-tools-for-stm32.7-2018-q2-update.win32_1.4.0.202007081208/tools/bin/../lib/gcc/arm-none-eabi/7.3.1/../../../../arm-none-eabi/lib/thumb/v7-m\libc_nano.a(lib_a-errno.o)
 .ARM.attributes
                0x0000000000000000       0x2d c:/st/stm32cubeide_1.4.0/stm32cubeide/plugins/com.st.stm32cube.ide.mcu.externaltools.gnu-tools-for-stm32.7-2018-q2-update.win32_1.4.0.202007081208/tools/bin/../lib/gcc/arm-none-eabi/7.3.1/../../../../arm-none-eabi/lib/thumb/v7-m\libc_nano.a(lib_a-errno.o)
 .text          0x0000000000000000        0x0 c:/st/stm32cubeide_1.4.0/stm32cubeide/plugins/com.st.stm32cube.ide.mcu.externaltools.gnu-tools-for-stm32.7-2018-q2-update.win32_1.4.0.202007081208/tools/bin/../lib/gcc/arm-none-eabi/7.3.1/../../../../arm-none-eabi/lib/thumb/v7-m\libc_nano.a(lib_a-exit.o)
 .data          0x0000000000000000        0x0 c:/st/stm32cubeide_1.4.0/stm32cubeide/plugins/com.st.stm32cube.ide.mcu.externaltools.gnu-tools-for-stm32.7-2018-q2-update.win32_1.4.0.202007081208/tools/bin/../lib/gcc/arm-none-eabi/7.3.1/../../../../arm-none-eabi/lib/thumb/v7-m\libc_nano.a(lib_a-exit.o)
 .bss           0x0000000000000000        0x0 c:/st/stm32cubeide_1.4.0/stm32cubeide/plugins/com.st.stm32cube.ide.mcu.externaltools.gnu-tools-for-stm32.7-2018-q2-update.win32_1.4.0.202007081208/tools/bin/../lib/gcc/arm-none-eabi/7.3.1/../../../../arm-none-eabi/lib/thumb/v7-m\libc_nano.a(lib_a-exit.o)
 .text.exit     0x0000000000000000       0x28 c:/st/stm32cubeide_1.4.0/stm32cubeide/plugins/com.st.stm32cube.ide.mcu.externaltools.gnu-tools-for-stm32.7-2018-q2-update.win32_1.4.0.202007081208/tools/bin/../lib/gcc/arm-none-eabi/7.3.1/../../../../arm-none-eabi/lib/thumb/v7-m\libc_nano.a(lib_a-exit.o)
 .debug_frame   0x0000000000000000       0x28 c:/st/stm32cubeide_1.4.0/stm32cubeide/plugins/com.st.stm32cube.ide.mcu.externaltools.gnu-tools-for-stm32.7-2018-q2-update.win32_1.4.0.202007081208/tools/bin/../lib/gcc/arm-none-eabi/7.3.1/../../../../arm-none-eabi/lib/thumb/v7-m\libc_nano.a(lib_a-exit.o)
 .ARM.attributes
                0x0000000000000000       0x2d c:/st/stm32cubeide_1.4.0/stm32cubeide/plugins/com.st.stm32cube.ide.mcu.externaltools.gnu-tools-for-stm32.7-2018-q2-update.win32_1.4.0.202007081208/tools/bin/../lib/gcc/arm-none-eabi/7.3.1/../../../../arm-none-eabi/lib/thumb/v7-m\libc_nano.a(lib_a-exit.o)
 .text          0x0000000000000000        0x0 c:/st/stm32cubeide_1.4.0/stm32cubeide/plugins/com.st.stm32cube.ide.mcu.externaltools.gnu-tools-for-stm32.7-2018-q2-update.win32_1.4.0.202007081208/tools/bin/../lib/gcc/arm-none-eabi/7.3.1/../../../../arm-none-eabi/lib/thumb/v7-m\libc_nano.a(lib_a-impure.o)
 .data          0x0000000000000000        0x0 c:/st/stm32cubeide_1.4.0/stm32cubeide/plugins/com.st.stm32cube.ide.mcu.externaltools.gnu-tools-for-stm32.7-2018-q2-update.win32_1.4.0.202007081208/tools/bin/../lib/gcc/arm-none-eabi/7.3.1/../../../../arm-none-eabi/lib/thumb/v7-m\libc_nano.a(lib_a-impure.o)
 .bss           0x0000000000000000        0x0 c:/st/stm32cubeide_1.4.0/stm32cubeide/plugins/com.st.stm32cube.ide.mcu.externaltools.gnu-tools-for-stm32.7-2018-q2-update.win32_1.4.0.202007081208/tools/bin/../lib/gcc/arm-none-eabi/7.3.1/../../../../arm-none-eabi/lib/thumb/v7-m\libc_nano.a(lib_a-impure.o)
 .data._impure_ptr
                0x0000000000000000        0x4 c:/st/stm32cubeide_1.4.0/stm32cubeide/plugins/com.st.stm32cube.ide.mcu.externaltools.gnu-tools-for-stm32.7-2018-q2-update.win32_1.4.0.202007081208/tools/bin/../lib/gcc/arm-none-eabi/7.3.1/../../../../arm-none-eabi/lib/thumb/v7-m\libc_nano.a(lib_a-impure.o)
 .data.impure_data
                0x0000000000000000       0x60 c:/st/stm32cubeide_1.4.0/stm32cubeide/plugins/com.st.stm32cube.ide.mcu.externaltools.gnu-tools-for-stm32.7-2018-q2-update.win32_1.4.0.202007081208/tools/bin/../lib/gcc/arm-none-eabi/7.3.1/../../../../arm-none-eabi/lib/thumb/v7-m\libc_nano.a(lib_a-impure.o)
 .rodata._global_impure_ptr
                0x0000000000000000        0x4 c:/st/stm32cubeide_1.4.0/stm32cubeide/plugins/com.st.stm32cube.ide.mcu.externaltools.gnu-tools-for-stm32.7-2018-q2-update.win32_1.4.0.202007081208/tools/bin/../lib/gcc/arm-none-eabi/7.3.1/../../../../arm-none-eabi/lib/thumb/v7-m\libc_nano.a(lib_a-impure.o)
 .ARM.attributes
                0x0000000000000000       0x2d c:/st/stm32cubeide_1.4.0/stm32cubeide/plugins/com.st.stm32cube.ide.mcu.externaltools.gnu-tools-for-stm32.7-2018-q2-update.win32_1.4.0.202007081208/tools/bin/../lib/gcc/arm-none-eabi/7.3.1/../../../../arm-none-eabi/lib/thumb/v7-m\libc_nano.a(lib_a-impure.o)
 .text          0x0000000000000000        0x0 c:/st/stm32cubeide_1.4.0/stm32cubeide/plugins/com.st.stm32cube.ide.mcu.externaltools.gnu-tools-for-stm32.7-2018-q2-update.win32_1.4.0.202007081208/tools/bin/../lib/gcc/arm-none-eabi/7.3.1/../../../../arm-none-eabi/lib/thumb/v7-m\libc_nano.a(lib_a-init.o)
 .data          0x0000000000000000        0x0 c:/st/stm32cubeide_1.4.0/stm32cubeide/plugins/com.st.stm32cube.ide.mcu.externaltools.gnu-tools-for-stm32.7-2018-q2-update.win32_1.4.0.202007081208/tools/bin/../lib/gcc/arm-none-eabi/7.3.1/../../../../arm-none-eabi/lib/thumb/v7-m\libc_nano.a(lib_a-init.o)
 .bss           0x0000000000000000        0x0 c:/st/stm32cubeide_1.4.0/stm32cubeide/plugins/com.st.stm32cube.ide.mcu.externaltools.gnu-tools-for-stm32.7-2018-q2-update.win32_1.4.0.202007081208/tools/bin/../lib/gcc/arm-none-eabi/7.3.1/../../../../arm-none-eabi/lib/thumb/v7-m\libc_nano.a(lib_a-init.o)
 .text          0x0000000000000000        0x0 c:/st/stm32cubeide_1.4.0/stm32cubeide/plugins/com.st.stm32cube.ide.mcu.externaltools.gnu-tools-for-stm32.7-2018-q2-update.win32_1.4.0.202007081208/tools/bin/../lib/gcc/arm-none-eabi/7.3.1/../../../../arm-none-eabi/lib/thumb/v7-m\libc_nano.a(lib_a-memset.o)
 .data          0x0000000000000000        0x0 c:/st/stm32cubeide_1.4.0/stm32cubeide/plugins/com.st.stm32cube.ide.mcu.externaltools.gnu-tools-for-stm32.7-2018-q2-update.win32_1.4.0.202007081208/tools/bin/../lib/gcc/arm-none-eabi/7.3.1/../../../../arm-none-eabi/lib/thumb/v7-m\libc_nano.a(lib_a-memset.o)
 .bss           0x0000000000000000        0x0 c:/st/stm32cubeide_1.4.0/stm32cubeide/plugins/com.st.stm32cube.ide.mcu.externaltools.gnu-tools-for-stm32.7-2018-q2-update.win32_1.4.0.202007081208/tools/bin/../lib/gcc/arm-none-eabi/7.3.1/../../../../arm-none-eabi/lib/thumb/v7-m\libc_nano.a(lib_a-memset.o)
 .text.memset   0x0000000000000000       0x10 c:/st/stm32cubeide_1.4.0/stm32cubeide/plugins/com.st.stm32cube.ide.mcu.externaltools.gnu-tools-for-stm32.7-2018-q2-update.win32_1.4.0.202007081208/tools/bin/../lib/gcc/arm-none-eabi/7.3.1/../../../../arm-none-eabi/lib/thumb/v7-m\libc_nano.a(lib_a-memset.o)
 .debug_frame   0x0000000000000000       0x20 c:/st/stm32cubeide_1.4.0/stm32cubeide/plugins/com.st.stm32cube.ide.mcu.externaltools.gnu-tools-for-stm32.7-2018-q2-update.win32_1.4.0.202007081208/tools/bin/../lib/gcc/arm-none-eabi/7.3.1/../../../../arm-none-eabi/lib/thumb/v7-m\libc_nano.a(lib_a-memset.o)
 .ARM.attributes
                0x0000000000000000       0x2d c:/st/stm32cubeide_1.4.0/stm32cubeide/plugins/com.st.stm32cube.ide.mcu.externaltools.gnu-tools-for-stm32.7-2018-q2-update.win32_1.4.0.202007081208/tools/bin/../lib/gcc/arm-none-eabi/7.3.1/../../../../arm-none-eabi/lib/thumb/v7-m\libc_nano.a(lib_a-memset.o)
 .text          0x0000000000000000        0x0 c:/st/stm32cubeide_1.4.0/stm32cubeide/plugins/com.st.stm32cube.ide.mcu.externaltools.gnu-tools-for-stm32.7-2018-q2-update.win32_1.4.0.202007081208/tools/bin/../lib/gcc/arm-none-eabi/7.3.1/thumb/v7-m/crtend.o
 .data          0x0000000000000000        0x0 c:/st/stm32cubeide_1.4.0/stm32cubeide/plugins/com.st.stm32cube.ide.mcu.externaltools.gnu-tools-for-stm32.7-2018-q2-update.win32_1.4.0.202007081208/tools/bin/../lib/gcc/arm-none-eabi/7.3.1/thumb/v7-m/crtend.o
 .bss           0x0000000000000000        0x0 c:/st/stm32cubeide_1.4.0/stm32cubeide/plugins/com.st.stm32cube.ide.mcu.externaltools.gnu-tools-for-stm32.7-2018-q2-update.win32_1.4.0.202007081208/tools/bin/../lib/gcc/arm-none-eabi/7.3.1/thumb/v7-m/crtend.o
 .eh_frame      0x0000000000000000        0x4 c:/st/stm32cubeide_1.4.0/stm32cubeide/plugins/com.st.stm32cube.ide.mcu.externaltools.gnu-tools-for-stm32.7-2018-q2-update.win32_1.4.0.202007081208/tools/bin/../lib/gcc/arm-none-eabi/7.3.1/thumb/v7-m/crtend.o
 .ARM.attributes
                0x0000000000000000       0x2d c:/st/stm32cubeide_1.4.0/stm32cubeide/plugins/com.st.stm32cube.ide.mcu.externaltools.gnu-tools-for-stm32.7-2018-q2-update.win32_1.4.0.202007081208/tools/bin/../lib/gcc/arm-none-eabi/7.3.1/thumb/v7-m/crtend.o
 .text          0x0000000000000000        0x0 c:/st/stm32cubeide_1.4.0/stm32cubeide/plugins/com.st.stm32cube.ide.mcu.externaltools.gnu-tools-for-stm32.7-2018-q2-update.win32_1.4.0.202007081208/tools/bin/../lib/gcc/arm-none-eabi/7.3.1/thumb/v7-m/crtn.o
 .data          0x0000000000000000        0x0 c:/st/stm32cubeide_1.4.0/stm32cubeide/plugins/com.st.stm32cube.ide.mcu.externaltools.gnu-tools-for-stm32.7-2018-q2-update.win32_1.4.0.202007081208/tools/bin/../lib/gcc/arm-none-eabi/7.3.1/thumb/v7-m/crtn.o
 .bss           0x0000000000000000        0x0 c:/st/stm32cubeide_1.4.0/stm32cubeide/plugins/com.st.stm32cube.ide.mcu.externaltools.gnu-tools-for-stm32.7-2018-q2-update.win32_1.4.0.202007081208/tools/bin/../lib/gcc/arm-none-eabi/7.3.1/thumb/v7-m/crtn.o

Memory Configuration

Name             Origin             Length             Attributes
RAM              0x0000000020000000 0x0000000000002800 xrw
ROM              0x0000000008000000 0x0000000000008000 xr
*default*        0x0000000000000000 0xffffffffffffffff

Linker script and memory map

LOAD c:/st/stm32cubeide_1.4.0/stm32cubeide/plugins/com.st.stm32cube.ide.mcu.externaltools.gnu-tools-for-stm32.7-2018-q2-update.win32_1.4.0.202007081208/tools/bin/../lib/gcc/arm-none-eabi/7.3.1/thumb/v7-m/crti.o
LOAD c:/st/stm32cubeide_1.4.0/stm32cubeide/plugins/com.st.stm32cube.ide.mcu.externaltools.gnu-tools-for-stm32.7-2018-q2-update.win32_1.4.0.202007081208/tools/bin/../lib/gcc/arm-none-eabi/7.3.1/thumb/v7-m/crtbegin.o
LOAD c:/st/stm32cubeide_1.4.0/stm32cubeide/plugins/com.st.stm32cube.ide.mcu.externaltools.gnu-tools-for-stm32.7-2018-q2-update.win32_1.4.0.202007081208/tools/bin/../lib/gcc/arm-none-eabi/7.3.1/../../../../arm-none-eabi/lib/thumb/v7-m/crt0.o
LOAD HAL/lcd.o
LOAD Src/main.o
LOAD Src/syscalls.o
LOAD Src/sysmem.o
LOAD Startup/startup_stm32f103c6tx.o
LOAD Stm32_F103C6_Drivers/Stm32_F103C6_EXTI_Driver.o
LOAD Stm32_F103C6_Drivers/Stm32_F103C6_GPIO_Driver.o
START GROUP
LOAD c:/st/stm32cubeide_1.4.0/stm32cubeide/plugins/com.st.stm32cube.ide.mcu.externaltools.gnu-tools-for-stm32.7-2018-q2-update.win32_1.4.0.202007081208/tools/bin/../lib/gcc/arm-none-eabi/7.3.1/../../../../arm-none-eabi/lib/thumb/v7-m\libc_nano.a
LOAD c:/st/stm32cubeide_1.4.0/stm32cubeide/plugins/com.st.stm32cube.ide.mcu.externaltools.gnu-tools-for-stm32.7-2018-q2-update.win32_1.4.0.202007081208/tools/bin/../lib/gcc/arm-none-eabi/7.3.1/../../../../arm-none-eabi/lib/thumb/v7-m\libm.a
END GROUP
START GROUP
LOAD c:/st/stm32cubeide_1.4.0/stm32cubeide/plugins/com.st.stm32cube.ide.mcu.externaltools.gnu-tools-for-stm32.7-2018-q2-update.win32_1.4.0.202007081208/tools/bin/../lib/gcc/arm-none-eabi/7.3.1/thumb/v7-m\libgcc.a
LOAD c:/st/stm32cubeide_1.4.0/stm32cubeide/plugins/com.st.stm32cube.ide.mcu.externaltools.gnu-tools-for-stm32.7-2018-q2-update.win32_1.4.0.202007081208/tools/bin/../lib/gcc/arm-none-eabi/7.3.1/../../../../arm-none-eabi/lib/thumb/v7-m\libg_nano.a
LOAD c:/st/stm32cubeide_1.4.0/stm32cubeide/plugins/com.st.stm32cube.ide.mcu.externaltools.gnu-tools-for-stm32.7-2018-q2-update.win32_1.4.0.202007081208/tools/bin/../lib/gcc/arm-none-eabi/7.3.1/../../../../arm-none-eabi/lib/thumb/v7-m\libc_nano.a
END GROUP
START GROUP
LOAD c:/st/stm32cubeide_1.4.0/stm32cubeide/plugins/com.st.stm32cube.ide.mcu.externaltools.gnu-tools-for-stm32.7-2018-q2-update.win32_1.4.0.202007081208/tools/bin/../lib/gcc/arm-none-eabi/7.3.1/thumb/v7-m\libgcc.a
LOAD c:/st/stm32cubeide_1.4.0/stm32cubeide/plugins/com.st.stm32cube.ide.mcu.externaltools.gnu-tools-for-stm32.7-2018-q2-update.win32_1.4.0.202007081208/tools/bin/../lib/gcc/arm-none-eabi/7.3.1/../../../../arm-none-eabi/lib/thumb/v7-m\libc_nano.a
LOAD c:/st/stm32cubeide_1.4.0/stm32cubeide/plugins/com.st.stm32cube.ide.mcu.externaltools.gnu-tools-for-stm32.7-2018-q2-update.win32_1.4.0.202007081208/tools/bin/../lib/gcc/arm-none-eabi/7.3.1/../../../../arm-none-eabi/lib/thumb/v7-m\libnosys.a
END GROUP
START GROUP
LOAD c:/st/stm32cubeide_1.4.0/stm32cubeide/plugins/com.st.stm32cube.ide.mcu.externaltools.gnu-tools-for-stm32.7-2018-q2-update.win32_1.4.0.202007081208/tools/bin/../lib/gcc/arm-none-eabi/7.3.1/thumb/v7-m\libgcc.a
LOAD c:/st/stm32cubeide_1.4.0/stm32cubeide/plugins/com.st.stm32cube.ide.mcu.externaltools.gnu-tools-for-stm32.7-2018-q2-update.win32_1.4.0.202007081208/tools/bin/../lib/gcc/arm-none-eabi/7.3.1/../../../../arm-none-eabi/lib/thumb/v7-m\libc_nano.a
LOAD c:/st/stm32cubeide_1.4.0/stm32cubeide/plugins/com.st.stm32cube.ide.mcu.externaltools.gnu-tools-for-stm32.7-2018-q2-update.win32_1.4.0.202007081208/tools/bin/../lib/gcc/arm-none-eabi/7.3.1/../../../../arm-none-eabi/lib/thumb/v7-m\libnosys.a
END GROUP
LOAD c:/st/stm32cubeide_1.4.0/stm32cubeide/plugins/com.st.stm32cube.ide.mcu.externaltools.gnu-tools-for-stm32.7-2018-q2-update.win32_1.4.0.202007081208/tools/bin/../lib/gcc/arm-none-eabi/7.3.1/thumb/v7-m/crtend.o
LOAD c:/st/stm32cubeide_1.4.0/stm32cubeide/plugins/com.st.stm32cube.ide.mcu.externaltools.gnu-tools-for-stm32.7-2018-q2-update.win32_1.4.0.202007081208/tools/bin/../lib/gcc/arm-none-eabi/7.3.1/thumb/v7-m/crtn.o
                0x0000000020002800                _estack = (ORIGIN (RAM) + LENGTH (RAM))
                0x0000000000000200                _Min_Heap_Size = 0x200
                0x0000000000000400                _Min_Stack_Size = 0x400

.isr_vector     0x0000000008000000      0x130
                0x0000000008000000                . = ALIGN (0x4)
 *(.isr_vector)
 .isr_vector    0x0000000008000000      0x130 Startup/startup_stm32f103c6tx.o
                0x0000000008000000                g_pfnVectors
                0x0000000008000130                . = ALIGN (0x4)

.text           0x0000000008000130      0xb98
                0x0000000008000130                . = ALIGN (0x4)
 *(.text)
 .text          0x0000000008000130       0x40 c:/st/stm32cubeide_1.4.0/stm32cubeide/plugins/com.st.stm32cube.ide.mcu.externaltools.gnu-tools-for-stm32.7-2018-q2-update.win32_1.4.0.202007081208/tools/bin/../lib/gcc/arm-none-eabi/7.3.1/thumb/v7-m/crtbegin.o
 *(.text*)
 .text._delay_ms
                0x0000000008000170       0x38 HAL/lcd.o
                0x0000000008000170                _delay_ms
 .text.LCD_clear_screen
                0x00000000080001a8        0xe HAL/lcd.o
                0x00000000080001a8                LCD_clear_screen
 *fill*         0x00000000080001b6        0x2 
 .text.LCD_INIT
                0x00000000080001b8       0x74 HAL/lcd.o
                0x00000000080001b8                LCD_INIT
 .text.LCD_lcd_kick
                0x000000000800022c       0x2c HAL/lcd.o
                0x000000000800022c                LCD_lcd_kick
 .text.LCD_check_lcd_isbusy
                0x0000000008000258       0x6c HAL/lcd.o
                0x0000000008000258                LCD_check_lcd_isbusy
 .text.LCD_GOTO_XY
                0x00000000080002c4       0x48 HAL/lcd.o
                0x00000000080002c4                LCD_GOTO_XY
 .text.LCD_WRITE_COMMAND
                0x000000000800030c       0x48 HAL/lcd.o
                0x000000000800030c                LCD_WRITE_COMMAND
 .text.LCD_WRITE_CHAR
                0x0000000008000354       0x48 HAL/lcd.o
                0x0000000008000354                LCD_WRITE_CHAR
 .text.LCD_WRITE_STRING
                0x000000000800039c       0x58 HAL/lcd.o
                0x000000000800039c                LCD_WRITE_STRING
 .text.clock_init
                0x00000000080003f4       0x34 Src/main.o
                0x00000000080003f4                clock_init
 .text.delay    0x0000000008000428       0x38 Src/main.o
                0x0000000008000428                delay
 .text.EXTI9_Callback
                0x0000000008000460       0x24 Src/main.o
                0x0000000008000460                EXTI9_Callback
 .text.main     0x0000000008000484       0x58 Src/main.o
                0x0000000008000484                main
 .text.Reset_Handler
                0x00000000080004dc       0x50 Startup/startup_stm32f103c6tx.o
                0x00000000080004dc                Reset_Handler
 .text.Default_Handler
                0x000000000800052c        0x2 Startup/startup_stm32f103c6tx.o
                0x000000000800052c                TIM8_TRG_COM_IRQHandler
                0x000000000800052c                TIM8_CC_IRQHandler
                0x000000000800052c                DebugMon_Handler
                0x000000000800052c                TIM1_CC_IRQHandler
                0x000000000800052c                HardFault_Handler
                0x000000000800052c                TIM6_IRQHandler
                0x000000000800052c                SysTick_Handler
                0x000000000800052c                PVD_IRQHandler
                0x000000000800052c                SDIO_IRQHandler
                0x000000000800052c                PendSV_Handler
                0x000000000800052c                NMI_Handler
                0x000000000800052c                USB_HP_CAN_TX_IRQHandler
                0x000000000800052c                I2C2_EV_IRQHandler
                0x000000000800052c                UsageFault_Handler
                0x000000000800052c                ADC1_2_IRQHandler
                0x000000000800052c                SPI1_IRQHandler
                0x000000000800052c                CAN_SCE_IRQHandler
                0x000000000800052c                TAMPER_IRQHandler
                0x000000000800052c                TIM8_UP_IRQHandler
                0x000000000800052c                DMA2_Channel2_IRQHandler
                0x000000000800052c                DMA1_Channel4_IRQHandler
                0x000000000800052c                USART3_IRQHandler
                0x000000000800052c                RTC_IRQHandler
                0x000000000800052c                DMA1_Channel7_IRQHandler
                0x000000000800052c                UART5_IRQHandler
                0x000000000800052c                ADC3_IRQHandler
                0x000000000800052c                TIM4_IRQHandler
                0x000000000800052c                CAN_RX1_IRQHandler
                0x000000000800052c                DMA2_Channel1_IRQHandler
                0x000000000800052c                I2C1_EV_IRQHandler
                0x000000000800052c                DMA1_Channel6_IRQHandler
                0x000000000800052c                UART4_IRQHandler
                0x000000000800052c                TIM3_IRQHandler
                0x000000000800052c                RCC_IRQHandler
                0x000000000800052c                TIM1_TRG_COM_IRQHandler
                0x000000000800052c                DMA1_Channel1_IRQHandler
                0x000000000800052c                Default_Handler
                0x000000000800052c                TIM7_IRQHandler
                0x000000000800052c                TIM5_IRQHandler
                0x000000000800052c                SPI2_IRQHandler
                0x000000000800052c                USB_LP_CAN_RX0_IRQHandler
                0x000000000800052c                MemManage_Handler
                0x000000000800052c                SVC_Handler
                0x000000000800052c                DMA1_Channel5_IRQHandler
                0x000000000800052c                DMA1_Channel3_IRQHandler
                0x000000000800052c                FSMC_IRQHandler
                0x000000000800052c                TIM1_UP_IRQHandler
                0x000000000800052c                WWDG_IRQHandler
                0x000000000800052c                TIM2_IRQHandler
                0x000000000800052c                TIM1_BRK_IRQHandler
                0x000000000800052c                RTCAlarm_IRQHandler
                0x000000000800052c                DMA2_Channel4_5_IRQHandler
                0x000000000800052c                USART2_IRQHandler
                0x000000000800052c                I2C2_ER_IRQHandler
                0x000000000800052c                DMA1_Channel2_IRQHandler
                0x000000000800052c                TIM8_BRK_IRQHandler
                0x000000000800052c                FLASH_IRQHandler
                0x000000000800052c                BusFault_Handler
                0x000000000800052c                USART1_IRQHandler
                0x000000000800052c                SPI3_IRQHandler
                0x000000000800052c                I2C1_ER_IRQHandler
                0x000000000800052c                DMA2_Channel3_IRQHandler
 *fill*         0x000000000800052e        0x2 
 .text.Enable_NVIC
                0x0000000008000530       0xcc Stm32_F103C6_Drivers/Stm32_F103C6_EXTI_Driver.o
                0x0000000008000530                Enable_NVIC
 .text.Disable_NVIC
                0x00000000080005fc       0xcc Stm32_F103C6_Drivers/Stm32_F103C6_EXTI_Driver.o
                0x00000000080005fc                Disable_NVIC
 .text.Update_EXTI
                0x00000000080006c8      0x1d0 Stm32_F103C6_Drivers/Stm32_F103C6_EXTI_Driver.o
                0x00000000080006c8                Update_EXTI
 .text.MCAL_EXTI_GPIO_Init
                0x0000000008000898       0x16 Stm32_F103C6_Drivers/Stm32_F103C6_EXTI_Driver.o
                0x0000000008000898                MCAL_EXTI_GPIO_Init
 *fill*         0x00000000080008ae        0x2 
 .text.EXTI0_IRQHandler
                0x00000000080008b0       0x24 Stm32_F103C6_Drivers/Stm32_F103C6_EXTI_Driver.o
                0x00000000080008b0                EXTI0_IRQHandler
 .text.EXTI1_IRQHandler
                0x00000000080008d4       0x24 Stm32_F103C6_Drivers/Stm32_F103C6_EXTI_Driver.o
                0x00000000080008d4                EXTI1_IRQHandler
 .text.EXTI2_IRQHandler
                0x00000000080008f8       0x24 Stm32_F103C6_Drivers/Stm32_F103C6_EXTI_Driver.o
                0x00000000080008f8                EXTI2_IRQHandler
 .text.EXTI3_IRQHandler
                0x000000000800091c       0x24 Stm32_F103C6_Drivers/Stm32_F103C6_EXTI_Driver.o
                0x000000000800091c                EXTI3_IRQHandler
 .text.EXTI4_IRQHandler
                0x0000000008000940       0x24 Stm32_F103C6_Drivers/Stm32_F103C6_EXTI_Driver.o
                0x0000000008000940                EXTI4_IRQHandler
 .text.EXTI9_5_IRQHandler
                0x0000000008000964       0x58 Stm32_F103C6_Drivers/Stm32_F103C6_EXTI_Driver.o
                0x0000000008000964                EXTI9_5_IRQHandler
 .text.EXTI15_10_IRQHandler
                0x00000000080009bc       0x58 Stm32_F103C6_Drivers/Stm32_F103C6_EXTI_Driver.o
                0x00000000080009bc                EXTI15_10_IRQHandler
 .text.Get_CRLH_Position
                0x0000000008000a14       0x5e Stm32_F103C6_Drivers/Stm32_F103C6_GPIO_Driver.o
                0x0000000008000a14                Get_CRLH_Position
 .text.MCAL_GPIO_Init
                0x0000000008000a72      0x106 Stm32_F103C6_Drivers/Stm32_F103C6_GPIO_Driver.o
                0x0000000008000a72                MCAL_GPIO_Init
 .text.MCAL_GPIO_Init_Port_Range
                0x0000000008000b78       0xa4 Stm32_F103C6_Drivers/Stm32_F103C6_GPIO_Driver.o
                0x0000000008000b78                MCAL_GPIO_Init_Port_Range
 .text.MCAL_GPIO_WritePin
                0x0000000008000c1c       0x2e Stm32_F103C6_Drivers/Stm32_F103C6_GPIO_Driver.o
                0x0000000008000c1c                MCAL_GPIO_WritePin
 .text.MCAL_GPIO_WritePort
                0x0000000008000c4a       0x1c Stm32_F103C6_Drivers/Stm32_F103C6_GPIO_Driver.o
                0x0000000008000c4a                MCAL_GPIO_WritePort
 *fill*         0x0000000008000c66        0x2 
 .text.__libc_init_array
                0x0000000008000c68       0x48 c:/st/stm32cubeide_1.4.0/stm32cubeide/plugins/com.st.stm32cube.ide.mcu.externaltools.gnu-tools-for-stm32.7-2018-q2-update.win32_1.4.0.202007081208/tools/bin/../lib/gcc/arm-none-eabi/7.3.1/../../../../arm-none-eabi/lib/thumb/v7-m\libc_nano.a(lib_a-init.o)
                0x0000000008000c68                __libc_init_array
 *(.glue_7)
 .glue_7        0x0000000008000cb0        0x0 linker stubs
 *(.glue_7t)
 .glue_7t       0x0000000008000cb0        0x0 linker stubs
 *(.eh_frame)
 .eh_frame      0x0000000008000cb0        0x0 c:/st/stm32cubeide_1.4.0/stm32cubeide/plugins/com.st.stm32cube.ide.mcu.externaltools.gnu-tools-for-stm32.7-2018-q2-update.win32_1.4.0.202007081208/tools/bin/../lib/gcc/arm-none-eabi/7.3.1/thumb/v7-m/crtbegin.o
 *(.init)
 .init          0x0000000008000cb0        0x4 c:/st/stm32cubeide_1.4.0/stm32cubeide/plugins/com.st.stm32cube.ide.mcu.externaltools.gnu-tools-for-stm32.7-2018-q2-update.win32_1.4.0.202007081208/tools/bin/../lib/gcc/arm-none-eabi/7.3.1/thumb/v7-m/crti.o
                0x0000000008000cb0                _init
 .init          0x0000000008000cb4        0x8 c:/st/stm32cubeide_1.4.0/stm32cubeide/plugins/com.st.stm32cube.ide.mcu.externaltools.gnu-tools-for-stm32.7-2018-q2-update.win32_1.4.0.202007081208/tools/bin/../lib/gcc/arm-none-eabi/7.3.1/thumb/v7-m/crtn.o
 *(.fini)
 .fini          0x0000000008000cbc        0x4 c:/st/stm32cubeide_1.4.0/stm32cubeide/plugins/com.st.stm32cube.ide.mcu.externaltools.gnu-tools-for-stm32.7-2018-q2-update.win32_1.4.0.202007081208/tools/bin/../lib/gcc/arm-none-eabi/7.3.1/thumb/v7-m/crti.o
                0x0000000008000cbc                _fini
 .fini          0x0000000008000cc0        0x8 c:/st/stm32cubeide_1.4.0/stm32cubeide/plugins/com.st.stm32cube.ide.mcu.externaltools.gnu-tools-for-stm32.7-2018-q2-update.win32_1.4.0.202007081208/tools/bin/../lib/gcc/arm-none-eabi/7.3.1/thumb/v7-m/crtn.o
                0x0000000008000cc8                . = ALIGN (0x4)
                0x0000000008000cc8                _etext = .

.vfp11_veneer   0x0000000008000cc8        0x0
 .vfp11_veneer  0x0000000008000cc8        0x0 linker stubs

.v4_bx          0x0000000008000cc8        0x0
 .v4_bx         0x0000000008000cc8        0x0 linker stubs

.iplt           0x0000000008000cc8        0x0
 .iplt          0x0000000008000cc8        0x0 c:/st/stm32cubeide_1.4.0/stm32cubeide/plugins/com.st.stm32cube.ide.mcu.externaltools.gnu-tools-for-stm32.7-2018-q2-update.win32_1.4.0.202007081208/tools/bin/../lib/gcc/arm-none-eabi/7.3.1/thumb/v7-m/crtbegin.o

.rodata         0x0000000008000cc8       0x48
                0x0000000008000cc8                . = ALIGN (0x4)
 *(.rodata)
 .rodata        0x0000000008000cc8       0x28 Src/main.o
 .rodata        0x0000000008000cf0       0x20 Stm32_F103C6_Drivers/Stm32_F103C6_GPIO_Driver.o
 *(.rodata*)
                0x0000000008000d10                . = ALIGN (0x4)

.rel.dyn        0x0000000008000d10        0x0
 .rel.iplt      0x0000000008000d10        0x0 c:/st/stm32cubeide_1.4.0/stm32cubeide/plugins/com.st.stm32cube.ide.mcu.externaltools.gnu-tools-for-stm32.7-2018-q2-update.win32_1.4.0.202007081208/tools/bin/../lib/gcc/arm-none-eabi/7.3.1/thumb/v7-m/crtbegin.o

.ARM.extab      0x0000000008000d10        0x0
                0x0000000008000d10                . = ALIGN (0x4)
 *(.ARM.extab* .gnu.linkonce.armextab.*)
                0x0000000008000d10                . = ALIGN (0x4)

.ARM            0x0000000008000d10        0x0
                0x0000000008000d10                . = ALIGN (0x4)
                0x0000000008000d10                __exidx_start = .
 *(.ARM.exidx*)
                0x0000000008000d10                __exidx_end = .
                0x0000000008000d10                . = ALIGN (0x4)

.preinit_array  0x0000000008000d10        0x0
                0x0000000008000d10                . = ALIGN (0x4)
                0x0000000008000d10                PROVIDE (__preinit_array_start = .)
 *(.preinit_array*)
                0x0000000008000d10                PROVIDE (__preinit_array_end = .)
                0x0000000008000d10                . = ALIGN (0x4)

.init_array     0x0000000008000d10        0x4
                0x0000000008000d10                . = ALIGN (0x4)
                0x0000000008000d10                PROVIDE (__init_array_start = .)
 *(SORT_BY_NAME(.init_array.*))
 *(.init_array*)
 .init_array    0x0000000008000d10        0x4 c:/st/stm32cubeide_1.4.0/stm32cubeide/plugins/com.st.stm32cube.ide.mcu.externaltools.gnu-tools-for-stm32.7-2018-q2-update.win32_1.4.0.202007081208/tools/bin/../lib/gcc/arm-none-eabi/7.3.1/thumb/v7-m/crtbegin.o
                0x0000000008000d14                PROVIDE (__init_array_end = .)
                0x0000000008000d14                . = ALIGN (0x4)

.fini_array     0x0000000008000d14        0x4
                0x0000000008000d14                . = ALIGN (0x4)
                [!provide]                        PROVIDE (__fini_array_start = .)
 *(SORT_BY_NAME(.fini_array.*))
 *(.fini_array*)
 .fini_array    0x0000000008000d14        0x4 c:/st/stm32cubeide_1.4.0/stm32cubeide/plugins/com.st.stm32cube.ide.mcu.externaltools.gnu-tools-for-stm32.7-2018-q2-update.win32_1.4.0.202007081208/tools/bin/../lib/gcc/arm-none-eabi/7.3.1/thumb/v7-m/crtbegin.o
                [!provide]                        PROVIDE (__fini_array_end = .)
                0x0000000008000d18                . = ALIGN (0x4)
                0x0000000008000d18                _sidata = LOADADDR (.data)

.data           0x0000000020000000        0x0 load address 0x0000000008000d18
                0x0000000020000000                . = ALIGN (0x4)
                0x0000000020000000                _sdata = .
 *(.data)
 *(.data*)
                0x0000000020000000                . = ALIGN (0x4)
                0x0000000020000000                _edata = .

.igot.plt       0x0000000020000000        0x0 load address 0x0000000008000d18
 .igot.plt      0x0000000020000000        0x0 c:/st/stm32cubeide_1.4.0/stm32cubeide/plugins/com.st.stm32cube.ide.mcu.externaltools.gnu-tools-for-stm32.7-2018-q2-update.win32_1.4.0.202007081208/tools/bin/../lib/gcc/arm-none-eabi/7.3.1/thumb/v7-m/crtbegin.o
                0x0000000020000000                . = ALIGN (0x4)

.bss            0x0000000020000000       0x64 load address 0x0000000008000d18
                0x0000000020000000                _sbss = .
                0x0000000020000000                __bss_start__ = _sbss
 *(.bss)
 .bss           0x0000000020000000       0x1c c:/st/stm32cubeide_1.4.0/stm32cubeide/plugins/com.st.stm32cube.ide.mcu.externaltools.gnu-tools-for-stm32.7-2018-q2-update.win32_1.4.0.202007081208/tools/bin/../lib/gcc/arm-none-eabi/7.3.1/thumb/v7-m/crtbegin.o
 *(.bss*)
 *(COMMON)
 COMMON         0x000000002000001c        0x4 HAL/lcd.o
                0x000000002000001c                PinCfg
 COMMON         0x0000000020000020        0x1 Src/main.o
                0x0000000020000020                IRQ_Flag
 *fill*         0x0000000020000021        0x3 
 COMMON         0x0000000020000024       0x40 Stm32_F103C6_Drivers/Stm32_F103C6_EXTI_Driver.o
                0x0000000020000024                GP_IRQ_CallBack
                0x0000000020000064                . = ALIGN (0x4)
                0x0000000020000064                _ebss = .
                0x0000000020000064                __bss_end__ = _ebss

._user_heap_stack
                0x0000000020000064      0x604 load address 0x0000000008000d18
                0x0000000020000068                . = ALIGN (0x8)
 *fill*         0x0000000020000064        0x4 
                [!provide]                        PROVIDE (end = .)
                0x0000000020000068                PROVIDE (_end = .)
                0x0000000020000268                . = (. + _Min_Heap_Size)
 *fill*         0x0000000020000068      0x200 
                0x0000000020000668                . = (. + _Min_Stack_Size)
 *fill*         0x0000000020000268      0x400 
                0x0000000020000668                . = ALIGN (0x8)

/DISCARD/
 libc.a(*)
 libm.a(*)
 libgcc.a(*)

.ARM.attributes
                0x0000000000000000       0x29
 *(.ARM.attributes)
 .ARM.attributes
                0x0000000000000000       0x1d c:/st/stm32cubeide_1.4.0/stm32cubeide/plugins/com.st.stm32cube.ide.mcu.externaltools.gnu-tools-for-stm32.7-2018-q2-update.win32_1.4.0.202007081208/tools/bin/../lib/gcc/arm-none-eabi/7.3.1/thumb/v7-m/crti.o
 .ARM.attributes
                0x000000000000001d       0x2d c:/st/stm32cubeide_1.4.0/stm32cubeide/plugins/com.st.stm32cube.ide.mcu.externaltools.gnu-tools-for-stm32.7-2018-q2-update.win32_1.4.0.202007081208/tools/bin/../lib/gcc/arm-none-eabi/7.3.1/thumb/v7-m/crtbegin.o
 .ARM.attributes
                0x000000000000004a       0x33 HAL/lcd.o
 .ARM.attributes
                0x000000000000007d       0x33 Src/main.o
 .ARM.attributes
                0x00000000000000b0       0x21 Startup/startup_stm32f103c6tx.o
 .ARM.attributes
                0x00000000000000d1       0x33 Stm32_F103C6_Drivers/Stm32_F103C6_EXTI_Driver.o
 .ARM.attributes
                0x0000000000000104       0x33 Stm32_F103C6_Drivers/Stm32_F103C6_GPIO_Driver.o
 .ARM.attributes
                0x0000000000000137       0x2d c:/st/stm32cubeide_1.4.0/stm32cubeide/plugins/com.st.stm32cube.ide.mcu.externaltools.gnu-tools-for-stm32.7-2018-q2-update.win32_1.4.0.202007081208/tools/bin/../lib/gcc/arm-none-eabi/7.3.1/../../../../arm-none-eabi/lib/thumb/v7-m\libc_nano.a(lib_a-init.o)
 .ARM.attributes
                0x0000000000000164       0x1d c:/st/stm32cubeide_1.4.0/stm32cubeide/plugins/com.st.stm32cube.ide.mcu.externaltools.gnu-tools-for-stm32.7-2018-q2-update.win32_1.4.0.202007081208/tools/bin/../lib/gcc/arm-none-eabi/7.3.1/thumb/v7-m/crtn.o
OUTPUT(Drivers.elf elf32-littlearm)

.debug_info     0x0000000000000000     0x3469
 .debug_info    0x0000000000000000      0xbdc HAL/lcd.o
 .debug_info    0x0000000000000bdc      0xc71 Src/main.o
 .debug_info    0x000000000000184d       0x22 Startup/startup_stm32f103c6tx.o
 .debug_info    0x000000000000186f      0xde5 Stm32_F103C6_Drivers/Stm32_F103C6_EXTI_Driver.o
 .debug_info    0x0000000000002654      0xe15 Stm32_F103C6_Drivers/Stm32_F103C6_GPIO_Driver.o

.debug_abbrev   0x0000000000000000      0x87c
 .debug_abbrev  0x0000000000000000      0x203 HAL/lcd.o
 .debug_abbrev  0x0000000000000203      0x1f8 Src/main.o
 .debug_abbrev  0x00000000000003fb       0x12 Startup/startup_stm32f103c6tx.o
 .debug_abbrev  0x000000000000040d      0x248 Stm32_F103C6_Drivers/Stm32_F103C6_EXTI_Driver.o
 .debug_abbrev  0x0000000000000655      0x227 Stm32_F103C6_Drivers/Stm32_F103C6_GPIO_Driver.o

.debug_loc      0x0000000000000000      0xa3a
 .debug_loc     0x0000000000000000      0x24c HAL/lcd.o
 .debug_loc     0x000000000000024c      0x104 Src/main.o
 .debug_loc     0x0000000000000350      0x368 Stm32_F103C6_Drivers/Stm32_F103C6_EXTI_Driver.o
 .debug_loc     0x00000000000006b8      0x382 Stm32_F103C6_Drivers/Stm32_F103C6_GPIO_Driver.o

.debug_aranges  0x0000000000000000      0x1a8
 .debug_aranges
                0x0000000000000000       0x60 HAL/lcd.o
 .debug_aranges
                0x0000000000000060       0x38 Src/main.o
 .debug_aranges
                0x0000000000000098       0x28 Startup/startup_stm32f103c6tx.o
 .debug_aranges
                0x00000000000000c0       0x80 Stm32_F103C6_Drivers/Stm32_F103C6_EXTI_Driver.o
 .debug_aranges
                0x0000000000000140       0x68 Stm32_F103C6_Drivers/Stm32_F103C6_GPIO_Driver.o

.debug_ranges   0x0000000000000000      0x160
 .debug_ranges  0x0000000000000000       0x50 HAL/lcd.o
 .debug_ranges  0x0000000000000050       0x28 Src/main.o
 .debug_ranges  0x0000000000000078       0x20 Startup/startup_stm32f103c6tx.o
 .debug_ranges  0x0000000000000098       0x70 Stm32_F103C6_Drivers/Stm32_F103C6_EXTI_Driver.o
 .debug_ranges  0x0000000000000108       0x58 Stm32_F103C6_Drivers/Stm32_F103C6_GPIO_Driver.o

.debug_macro    0x0000000000000000     0x22f5
 .debug_macro   0x0000000000000000      0x152 HAL/lcd.o
 .debug_macro   0x0000000000000152      0xa60 HAL/lcd.o
 .debug_macro   0x0000000000000bb2       0x18 HAL/lcd.o
 .debug_macro   0x0000000000000bca       0x22 HAL/lcd.o
 .debug_macro   0x0000000000000bec       0x40 HAL/lcd.o
 .debug_macro   0x0000000000000c2c       0x94 HAL/lcd.o
 .debug_macro   0x0000000000000cc0       0x3c HAL/lcd.o
 .debug_macro   0x0000000000000cfc       0x34 HAL/lcd.o
 .debug_macro   0x0000000000000d30       0x16 HAL/lcd.o
 .debug_macro   0x0000000000000d46      0x10e HAL/lcd.o
 .debug_macro   0x0000000000000e54       0x8d HAL/lcd.o
 .debug_macro   0x0000000000000ee1       0x57 HAL/lcd.o
 .debug_macro   0x0000000000000f38       0x52 HAL/lcd.o
 .debug_macro   0x0000000000000f8a       0x1f HAL/lcd.o
 .debug_macro   0x0000000000000fa9       0x43 HAL/lcd.o
 .debug_macro   0x0000000000000fec       0x20 HAL/lcd.o
 .debug_macro   0x000000000000100c      0x1a3 HAL/lcd.o
 .debug_macro   0x00000000000011af      0x330 HAL/lcd.o
 .debug_macro   0x00000000000014df       0x16 HAL/lcd.o
 .debug_macro   0x00000000000014f5       0x29 HAL/lcd.o
 .debug_macro   0x000000000000151e       0xef HAL/lcd.o
 .debug_macro   0x000000000000160d       0x6a HAL/lcd.o
 .debug_macro   0x0000000000001677      0x1df HAL/lcd.o
 .debug_macro   0x0000000000001856      0x1b0 HAL/lcd.o
 .debug_macro   0x0000000000001a06       0xd0 HAL/lcd.o
 .debug_macro   0x0000000000001ad6       0x9a HAL/lcd.o
 .debug_macro   0x0000000000001b70      0x15f Src/main.o
 .debug_macro   0x0000000000001ccf      0x21f Src/main.o
 .debug_macro   0x0000000000001eee       0xa0 Src/main.o
 .debug_macro   0x0000000000001f8e      0x152 Stm32_F103C6_Drivers/Stm32_F103C6_EXTI_Driver.o
 .debug_macro   0x00000000000020e0       0xd6 Stm32_F103C6_Drivers/Stm32_F103C6_EXTI_Driver.o
 .debug_macro   0x00000000000021b6      0x13f Stm32_F103C6_Drivers/Stm32_F103C6_GPIO_Driver.o

.debug_line     0x0000000000000000     0x1ab3
 .debug_line    0x0000000000000000      0x66f HAL/lcd.o
 .debug_line    0x000000000000066f      0x608 Src/main.o
 .debug_line    0x0000000000000c77       0x84 Startup/startup_stm32f103c6tx.o
 .debug_line    0x0000000000000cfb      0x6fb Stm32_F103C6_Drivers/Stm32_F103C6_EXTI_Driver.o
 .debug_line    0x00000000000013f6      0x6bd Stm32_F103C6_Drivers/Stm32_F103C6_GPIO_Driver.o

.debug_str      0x0000000000000000     0x9468
 .debug_str     0x0000000000000000     0x7c7a HAL/lcd.o
                                       0x7ee1 (size before relaxing)
 .debug_str     0x0000000000007c7a     0x1454 Src/main.o
                                       0x9286 (size before relaxing)
 .debug_str     0x00000000000090ce       0x31 Startup/startup_stm32f103c6tx.o
                                         0x6a (size before relaxing)
 .debug_str     0x00000000000090ff      0x1fa Stm32_F103C6_Drivers/Stm32_F103C6_EXTI_Driver.o
                                       0x9192 (size before relaxing)
 .debug_str     0x00000000000092f9      0x16f Stm32_F103C6_Drivers/Stm32_F103C6_GPIO_Driver.o
                                       0x7d7a (size before relaxing)

.comment        0x0000000000000000       0x7b
 .comment       0x0000000000000000       0x7b HAL/lcd.o
                                         0x7c (size before relaxing)
 .comment       0x000000000000007b       0x7c Src/main.o
 .comment       0x000000000000007b       0x7c Stm32_F103C6_Drivers/Stm32_F103C6_EXTI_Driver.o
 .comment       0x000000000000007b       0x7c Stm32_F103C6_Drivers/Stm32_F103C6_GPIO_Driver.o

.debug_frame    0x0000000000000000      0x558
 .debug_frame   0x0000000000000000      0x138 HAL/lcd.o
 .debug_frame   0x0000000000000138       0x94 Src/main.o
 .debug_frame   0x00000000000001cc      0x1c0 Stm32_F103C6_Drivers/Stm32_F103C6_EXTI_Driver.o
 .debug_frame   0x000000000000038c      0x1a0 Stm32_F103C6_Drivers/Stm32_F103C6_GPIO_Driver.o
 .debug_frame   0x000000000000052c       0x2c c:/st/stm32cubeide_1.4.0/stm32cubeide/plugins/com.st.stm32cube.ide.mcu.externaltools.gnu-tools-for-stm32.7-2018-q2-update.win32_1.4.0.202007081208/tools/bin/../lib/gcc/arm-none-eabi/7.3.1/../../../../arm-none-eabi/lib/thumb/v7-m\libc_nano.a(lib_a-init.o)
