Stm32_F103C6_EXTI_Driver.c:44:6:Enable_NVIC	16	static
Stm32_F103C6_EXTI_Driver.c:79:6:Disable_NVIC	16	static
Stm32_F103C6_EXTI_Driver.c:116:6:Update_EXTI	24	static
Stm32_F103C6_EXTI_Driver.c:210:6:MCAL_EXTI_GPIO_Init	16	static
Stm32_F103C6_EXTI_Driver.c:228:6:MCAL_EXTI_GPIO_DeInit	4	static
Stm32_F103C6_EXTI_Driver.c:261:6:MCAL_EXTI_GPIO_Update	16	static
Stm32_F103C6_EXTI_Driver.c:275:6:EXTI0_IRQHandler	8	static
Stm32_F103C6_EXTI_Driver.c:283:6:EXTI1_IRQHandler	8	static
Stm32_F103C6_EXTI_Driver.c:289:6:EXTI2_IRQHandler	8	static
Stm32_F103C6_EXTI_Driver.c:295:6:EXTI3_IRQHandler	8	static
Stm32_F103C6_EXTI_Driver.c:301:6:EXTI4_IRQHandler	8	static
Stm32_F103C6_EXTI_Driver.c:307:6:EXTI9_5_IRQHandler	16	static
Stm32_F103C6_EXTI_Driver.c:320:6:EXTI15_10_IRQHandler	16	static
