Archive member included to satisfy reference by file (symbol)

c:/st/stm32cubeide_1.4.0/stm32cubeide/plugins/com.st.stm32cube.ide.mcu.externaltools.gnu-tools-for-stm32.7-2018-q2-update.win32_1.4.0.202007081208/tools/bin/../lib/gcc/arm-none-eabi/7.3.1/../../../../arm-none-eabi/lib/thumb/v7-m\libc_nano.a(lib_a-errno.o)
                              Src/syscalls.o (__errno)
c:/st/stm32cubeide_1.4.0/stm32cubeide/plugins/com.st.stm32cube.ide.mcu.externaltools.gnu-tools-for-stm32.7-2018-q2-update.win32_1.4.0.202007081208/tools/bin/../lib/gcc/arm-none-eabi/7.3.1/../../../../arm-none-eabi/lib/thumb/v7-m\libc_nano.a(lib_a-exit.o)
                              c:/st/stm32cubeide_1.4.0/stm32cubeide/plugins/com.st.stm32cube.ide.mcu.externaltools.gnu-tools-for-stm32.7-2018-q2-update.win32_1.4.0.202007081208/tools/bin/../lib/gcc/arm-none-eabi/7.3.1/../../../../arm-none-eabi/lib/thumb/v7-m/crt0.o (exit)
c:/st/stm32cubeide_1.4.0/stm32cubeide/plugins/com.st.stm32cube.ide.mcu.externaltools.gnu-tools-for-stm32.7-2018-q2-update.win32_1.4.0.202007081208/tools/bin/../lib/gcc/arm-none-eabi/7.3.1/../../../../arm-none-eabi/lib/thumb/v7-m\libc_nano.a(lib_a-impure.o)
                              c:/st/stm32cubeide_1.4.0/stm32cubeide/plugins/com.st.stm32cube.ide.mcu.externaltools.gnu-tools-for-stm32.7-2018-q2-update.win32_1.4.0.202007081208/tools/bin/../lib/gcc/arm-none-eabi/7.3.1/../../../../arm-none-eabi/lib/thumb/v7-m\libc_nano.a(lib_a-exit.o) (_global_impure_ptr)
c:/st/stm32cubeide_1.4.0/stm32cubeide/plugins/com.st.stm32cube.ide.mcu.externaltools.gnu-tools-for-stm32.7-2018-q2-update.win32_1.4.0.202007081208/tools/bin/../lib/gcc/arm-none-eabi/7.3.1/../../../../arm-none-eabi/lib/thumb/v7-m\libc_nano.a(lib_a-init.o)
                              c:/st/stm32cubeide_1.4.0/stm32cubeide/plugins/com.st.stm32cube.ide.mcu.externaltools.gnu-tools-for-stm32.7-2018-q2-update.win32_1.4.0.202007081208/tools/bin/../lib/gcc/arm-none-eabi/7.3.1/../../../../arm-none-eabi/lib/thumb/v7-m/crt0.o (__libc_init_array)
c:/st/stm32cubeide_1.4.0/stm32cubeide/plugins/com.st.stm32cube.ide.mcu.externaltools.gnu-tools-for-stm32.7-2018-q2-update.win32_1.4.0.202007081208/tools/bin/../lib/gcc/arm-none-eabi/7.3.1/../../../../arm-none-eabi/lib/thumb/v7-m\libc_nano.a(lib_a-memset.o)
                              c:/st/stm32cubeide_1.4.0/stm32cubeide/plugins/com.st.stm32cube.ide.mcu.externaltools.gnu-tools-for-stm32.7-2018-q2-update.win32_1.4.0.202007081208/tools/bin/../lib/gcc/arm-none-eabi/7.3.1/../../../../arm-none-eabi/lib/thumb/v7-m/crt0.o (memset)

Allocating common symbols
Common symbol       size              file

PinCfg              0x4               Src/main.o

Discarded input sections

 .text          0x0000000000000000        0x0 c:/st/stm32cubeide_1.4.0/stm32cubeide/plugins/com.st.stm32cube.ide.mcu.externaltools.gnu-tools-for-stm32.7-2018-q2-update.win32_1.4.0.202007081208/tools/bin/../lib/gcc/arm-none-eabi/7.3.1/thumb/v7-m/crti.o
 .data          0x0000000000000000        0x0 c:/st/stm32cubeide_1.4.0/stm32cubeide/plugins/com.st.stm32cube.ide.mcu.externaltools.gnu-tools-for-stm32.7-2018-q2-update.win32_1.4.0.202007081208/tools/bin/../lib/gcc/arm-none-eabi/7.3.1/thumb/v7-m/crti.o
 .bss           0x0000000000000000        0x0 c:/st/stm32cubeide_1.4.0/stm32cubeide/plugins/com.st.stm32cube.ide.mcu.externaltools.gnu-tools-for-stm32.7-2018-q2-update.win32_1.4.0.202007081208/tools/bin/../lib/gcc/arm-none-eabi/7.3.1/thumb/v7-m/crti.o
 .data          0x0000000000000000        0x4 c:/st/stm32cubeide_1.4.0/stm32cubeide/plugins/com.st.stm32cube.ide.mcu.externaltools.gnu-tools-for-stm32.7-2018-q2-update.win32_1.4.0.202007081208/tools/bin/../lib/gcc/arm-none-eabi/7.3.1/thumb/v7-m/crtbegin.o
 .text          0x0000000000000000       0x74 c:/st/stm32cubeide_1.4.0/stm32cubeide/plugins/com.st.stm32cube.ide.mcu.externaltools.gnu-tools-for-stm32.7-2018-q2-update.win32_1.4.0.202007081208/tools/bin/../lib/gcc/arm-none-eabi/7.3.1/../../../../arm-none-eabi/lib/thumb/v7-m/crt0.o
 .data          0x0000000000000000        0x0 c:/st/stm32cubeide_1.4.0/stm32cubeide/plugins/com.st.stm32cube.ide.mcu.externaltools.gnu-tools-for-stm32.7-2018-q2-update.win32_1.4.0.202007081208/tools/bin/../lib/gcc/arm-none-eabi/7.3.1/../../../../arm-none-eabi/lib/thumb/v7-m/crt0.o
 .bss           0x0000000000000000        0x0 c:/st/stm32cubeide_1.4.0/stm32cubeide/plugins/com.st.stm32cube.ide.mcu.externaltools.gnu-tools-for-stm32.7-2018-q2-update.win32_1.4.0.202007081208/tools/bin/../lib/gcc/arm-none-eabi/7.3.1/../../../../arm-none-eabi/lib/thumb/v7-m/crt0.o
 .ARM.extab     0x0000000000000000        0x0 c:/st/stm32cubeide_1.4.0/stm32cubeide/plugins/com.st.stm32cube.ide.mcu.externaltools.gnu-tools-for-stm32.7-2018-q2-update.win32_1.4.0.202007081208/tools/bin/../lib/gcc/arm-none-eabi/7.3.1/../../../../arm-none-eabi/lib/thumb/v7-m/crt0.o
 .ARM.exidx     0x0000000000000000        0x8 c:/st/stm32cubeide_1.4.0/stm32cubeide/plugins/com.st.stm32cube.ide.mcu.externaltools.gnu-tools-for-stm32.7-2018-q2-update.win32_1.4.0.202007081208/tools/bin/../lib/gcc/arm-none-eabi/7.3.1/../../../../arm-none-eabi/lib/thumb/v7-m/crt0.o
 .ARM.attributes
                0x0000000000000000       0x1b c:/st/stm32cubeide_1.4.0/stm32cubeide/plugins/com.st.stm32cube.ide.mcu.externaltools.gnu-tools-for-stm32.7-2018-q2-update.win32_1.4.0.202007081208/tools/bin/../lib/gcc/arm-none-eabi/7.3.1/../../../../arm-none-eabi/lib/thumb/v7-m/crt0.o
 .group         0x0000000000000000        0xc Src/main.o
 .group         0x0000000000000000        0xc Src/main.o
 .group         0x0000000000000000        0xc Src/main.o
 .group         0x0000000000000000        0xc Src/main.o
 .group         0x0000000000000000        0xc Src/main.o
 .group         0x0000000000000000        0xc Src/main.o
 .group         0x0000000000000000        0xc Src/main.o
 .group         0x0000000000000000        0xc Src/main.o
 .group         0x0000000000000000        0xc Src/main.o
 .group         0x0000000000000000        0xc Src/main.o
 .group         0x0000000000000000        0xc Src/main.o
 .group         0x0000000000000000        0xc Src/main.o
 .group         0x0000000000000000        0xc Src/main.o
 .group         0x0000000000000000        0xc Src/main.o
 .group         0x0000000000000000        0xc Src/main.o
 .group         0x0000000000000000        0xc Src/main.o
 .group         0x0000000000000000        0xc Src/main.o
 .group         0x0000000000000000        0xc Src/main.o
 .group         0x0000000000000000        0xc Src/main.o
 .group         0x0000000000000000        0xc Src/main.o
 .group         0x0000000000000000        0xc Src/main.o
 .group         0x0000000000000000        0xc Src/main.o
 .group         0x0000000000000000        0xc Src/main.o
 .group         0x0000000000000000        0xc Src/main.o
 .group         0x0000000000000000        0xc Src/main.o
 .group         0x0000000000000000        0xc Src/main.o
 .text          0x0000000000000000        0x0 Src/main.o
 .data          0x0000000000000000        0x0 Src/main.o
 .bss           0x0000000000000000        0x0 Src/main.o
 .group         0x0000000000000000        0xc Src/syscalls.o
 .group         0x0000000000000000        0xc Src/syscalls.o
 .group         0x0000000000000000        0xc Src/syscalls.o
 .group         0x0000000000000000        0xc Src/syscalls.o
 .group         0x0000000000000000        0xc Src/syscalls.o
 .group         0x0000000000000000        0xc Src/syscalls.o
 .group         0x0000000000000000        0xc Src/syscalls.o
 .group         0x0000000000000000        0xc Src/syscalls.o
 .group         0x0000000000000000        0xc Src/syscalls.o
 .group         0x0000000000000000        0xc Src/syscalls.o
 .group         0x0000000000000000        0xc Src/syscalls.o
 .group         0x0000000000000000        0xc Src/syscalls.o
 .group         0x0000000000000000        0xc Src/syscalls.o
 .group         0x0000000000000000        0xc Src/syscalls.o
 .group         0x0000000000000000        0xc Src/syscalls.o
 .group         0x0000000000000000        0xc Src/syscalls.o
 .group         0x0000000000000000        0xc Src/syscalls.o
 .group         0x0000000000000000        0xc Src/syscalls.o
 .group         0x0000000000000000        0xc Src/syscalls.o
 .group         0x0000000000000000        0xc Src/syscalls.o
 .group         0x0000000000000000        0xc Src/syscalls.o
 .group         0x0000000000000000        0xc Src/syscalls.o
 .group         0x0000000000000000        0xc Src/syscalls.o
 .group         0x0000000000000000        0xc Src/syscalls.o
 .group         0x0000000000000000        0xc Src/syscalls.o
 .group         0x0000000000000000        0xc Src/syscalls.o
 .group         0x0000000000000000        0xc Src/syscalls.o
 .group         0x0000000000000000        0xc Src/syscalls.o
 .group         0x0000000000000000        0xc Src/syscalls.o
 .group         0x0000000000000000        0xc Src/syscalls.o
 .group         0x0000000000000000        0xc Src/syscalls.o
 .group         0x0000000000000000        0xc Src/syscalls.o
 .group         0x0000000000000000        0xc Src/syscalls.o
 .group         0x0000000000000000        0xc Src/syscalls.o
 .group         0x0000000000000000        0xc Src/syscalls.o
 .group         0x0000000000000000        0xc Src/syscalls.o
 .group         0x0000000000000000        0xc Src/syscalls.o
 .group         0x0000000000000000        0xc Src/syscalls.o
 .group         0x0000000000000000        0xc Src/syscalls.o
 .group         0x0000000000000000        0xc Src/syscalls.o
 .group         0x0000000000000000        0xc Src/syscalls.o
 .group         0x0000000000000000        0xc Src/syscalls.o
 .group         0x0000000000000000        0xc Src/syscalls.o
 .group         0x0000000000000000        0xc Src/syscalls.o
 .text          0x0000000000000000        0x0 Src/syscalls.o
 .data          0x0000000000000000        0x0 Src/syscalls.o
 .bss           0x0000000000000000        0x0 Src/syscalls.o
 .bss.__env     0x0000000000000000        0x4 Src/syscalls.o
 .data.environ  0x0000000000000000        0x4 Src/syscalls.o
 .text.initialise_monitor_handles
                0x0000000000000000        0xc Src/syscalls.o
 .text._getpid  0x0000000000000000        0xe Src/syscalls.o
 .text._kill    0x0000000000000000       0x20 Src/syscalls.o
 .text._exit    0x0000000000000000       0x14 Src/syscalls.o
 .text._read    0x0000000000000000       0x3a Src/syscalls.o
 .text._write   0x0000000000000000       0x38 Src/syscalls.o
 .text._close   0x0000000000000000       0x16 Src/syscalls.o
 .text._fstat   0x0000000000000000       0x1e Src/syscalls.o
 .text._isatty  0x0000000000000000       0x14 Src/syscalls.o
 .text._lseek   0x0000000000000000       0x18 Src/syscalls.o
 .text._open    0x0000000000000000       0x1a Src/syscalls.o
 .text._wait    0x0000000000000000       0x1e Src/syscalls.o
 .text._unlink  0x0000000000000000       0x1e Src/syscalls.o
 .text._times   0x0000000000000000       0x16 Src/syscalls.o
 .text._stat    0x0000000000000000       0x1e Src/syscalls.o
 .text._link    0x0000000000000000       0x20 Src/syscalls.o
 .text._fork    0x0000000000000000       0x16 Src/syscalls.o
 .text._execve  0x0000000000000000       0x22 Src/syscalls.o
 .debug_info    0x0000000000000000     0x1038 Src/syscalls.o
 .debug_abbrev  0x0000000000000000      0x254 Src/syscalls.o
 .debug_loc     0x0000000000000000      0x5b8 Src/syscalls.o
 .debug_aranges
                0x0000000000000000       0xa8 Src/syscalls.o
 .debug_ranges  0x0000000000000000       0x98 Src/syscalls.o
 .debug_macro   0x0000000000000000      0x243 Src/syscalls.o
 .debug_macro   0x0000000000000000      0xa60 Src/syscalls.o
 .debug_macro   0x0000000000000000       0x22 Src/syscalls.o
 .debug_macro   0x0000000000000000       0x40 Src/syscalls.o
 .debug_macro   0x0000000000000000       0x18 Src/syscalls.o
 .debug_macro   0x0000000000000000       0x94 Src/syscalls.o
 .debug_macro   0x0000000000000000       0x3c Src/syscalls.o
 .debug_macro   0x0000000000000000       0x34 Src/syscalls.o
 .debug_macro   0x0000000000000000       0x57 Src/syscalls.o
 .debug_macro   0x0000000000000000      0x174 Src/syscalls.o
 .debug_macro   0x0000000000000000      0x330 Src/syscalls.o
 .debug_macro   0x0000000000000000       0x52 Src/syscalls.o
 .debug_macro   0x0000000000000000       0x1f Src/syscalls.o
 .debug_macro   0x0000000000000000       0x43 Src/syscalls.o
 .debug_macro   0x0000000000000000       0x20 Src/syscalls.o
 .debug_macro   0x0000000000000000      0x1a3 Src/syscalls.o
 .debug_macro   0x0000000000000000       0x10 Src/syscalls.o
 .debug_macro   0x0000000000000000       0x35 Src/syscalls.o
 .debug_macro   0x0000000000000000       0x10 Src/syscalls.o
 .debug_macro   0x0000000000000000       0x10 Src/syscalls.o
 .debug_macro   0x0000000000000000       0x10 Src/syscalls.o
 .debug_macro   0x0000000000000000       0x6a Src/syscalls.o
 .debug_macro   0x0000000000000000       0x1c Src/syscalls.o
 .debug_macro   0x0000000000000000       0x52 Src/syscalls.o
 .debug_macro   0x0000000000000000       0x40 Src/syscalls.o
 .debug_macro   0x0000000000000000       0x10 Src/syscalls.o
 .debug_macro   0x0000000000000000       0x40 Src/syscalls.o
 .debug_macro   0x0000000000000000       0xd7 Src/syscalls.o
 .debug_macro   0x0000000000000000       0x1c Src/syscalls.o
 .debug_macro   0x0000000000000000       0x3d Src/syscalls.o
 .debug_macro   0x0000000000000000       0x35 Src/syscalls.o
 .debug_macro   0x0000000000000000      0x122 Src/syscalls.o
 .debug_macro   0x0000000000000000       0x16 Src/syscalls.o
 .debug_macro   0x0000000000000000       0x16 Src/syscalls.o
 .debug_macro   0x0000000000000000       0x29 Src/syscalls.o
 .debug_macro   0x0000000000000000       0x10 Src/syscalls.o
 .debug_macro   0x0000000000000000      0x241 Src/syscalls.o
 .debug_macro   0x0000000000000000       0x1c Src/syscalls.o
 .debug_macro   0x0000000000000000       0x10 Src/syscalls.o
 .debug_macro   0x0000000000000000       0x10 Src/syscalls.o
 .debug_macro   0x0000000000000000       0x16 Src/syscalls.o
 .debug_macro   0x0000000000000000      0x145 Src/syscalls.o
 .debug_macro   0x0000000000000000      0x189 Src/syscalls.o
 .debug_macro   0x0000000000000000       0x16 Src/syscalls.o
 .debug_macro   0x0000000000000000       0x88 Src/syscalls.o
 .debug_line    0x0000000000000000      0x739 Src/syscalls.o
 .debug_str     0x0000000000000000     0x8879 Src/syscalls.o
 .comment       0x0000000000000000       0x7c Src/syscalls.o
 .debug_frame   0x0000000000000000      0x2ac Src/syscalls.o
 .ARM.attributes
                0x0000000000000000       0x33 Src/syscalls.o
 .group         0x0000000000000000        0xc Src/sysmem.o
 .group         0x0000000000000000        0xc Src/sysmem.o
 .group         0x0000000000000000        0xc Src/sysmem.o
 .group         0x0000000000000000        0xc Src/sysmem.o
 .group         0x0000000000000000        0xc Src/sysmem.o
 .group         0x0000000000000000        0xc Src/sysmem.o
 .group         0x0000000000000000        0xc Src/sysmem.o
 .group         0x0000000000000000        0xc Src/sysmem.o
 .group         0x0000000000000000        0xc Src/sysmem.o
 .group         0x0000000000000000        0xc Src/sysmem.o
 .group         0x0000000000000000        0xc Src/sysmem.o
 .group         0x0000000000000000        0xc Src/sysmem.o
 .group         0x0000000000000000        0xc Src/sysmem.o
 .group         0x0000000000000000        0xc Src/sysmem.o
 .group         0x0000000000000000        0xc Src/sysmem.o
 .group         0x0000000000000000        0xc Src/sysmem.o
 .group         0x0000000000000000        0xc Src/sysmem.o
 .group         0x0000000000000000        0xc Src/sysmem.o
 .group         0x0000000000000000        0xc Src/sysmem.o
 .text          0x0000000000000000        0x0 Src/sysmem.o
 .data          0x0000000000000000        0x0 Src/sysmem.o
 .bss           0x0000000000000000        0x0 Src/sysmem.o
 .bss.__sbrk_heap_end
                0x0000000000000000        0x4 Src/sysmem.o
 .text._sbrk    0x0000000000000000       0x6c Src/sysmem.o
 .debug_info    0x0000000000000000      0xa7c Src/sysmem.o
 .debug_abbrev  0x0000000000000000      0x18e Src/sysmem.o
 .debug_loc     0x0000000000000000       0x50 Src/sysmem.o
 .debug_aranges
                0x0000000000000000       0x20 Src/sysmem.o
 .debug_ranges  0x0000000000000000       0x10 Src/sysmem.o
 .debug_macro   0x0000000000000000       0xee Src/sysmem.o
 .debug_macro   0x0000000000000000      0xa60 Src/sysmem.o
 .debug_macro   0x0000000000000000       0x10 Src/sysmem.o
 .debug_macro   0x0000000000000000       0x22 Src/sysmem.o
 .debug_macro   0x0000000000000000       0x40 Src/sysmem.o
 .debug_macro   0x0000000000000000       0x18 Src/sysmem.o
 .debug_macro   0x0000000000000000       0x94 Src/sysmem.o
 .debug_macro   0x0000000000000000       0x3c Src/sysmem.o
 .debug_macro   0x0000000000000000       0x34 Src/sysmem.o
 .debug_macro   0x0000000000000000      0x174 Src/sysmem.o
 .debug_macro   0x0000000000000000       0x57 Src/sysmem.o
 .debug_macro   0x0000000000000000       0x52 Src/sysmem.o
 .debug_macro   0x0000000000000000       0x1f Src/sysmem.o
 .debug_macro   0x0000000000000000       0x43 Src/sysmem.o
 .debug_macro   0x0000000000000000       0x20 Src/sysmem.o
 .debug_macro   0x0000000000000000      0x1a3 Src/sysmem.o
 .debug_macro   0x0000000000000000      0x23b Src/sysmem.o
 .debug_macro   0x0000000000000000       0xef Src/sysmem.o
 .debug_macro   0x0000000000000000       0x6a Src/sysmem.o
 .debug_macro   0x0000000000000000      0x1df Src/sysmem.o
 .debug_line    0x0000000000000000      0x4c2 Src/sysmem.o
 .debug_str     0x0000000000000000     0x5f47 Src/sysmem.o
 .comment       0x0000000000000000       0x7c Src/sysmem.o
 .debug_frame   0x0000000000000000       0x34 Src/sysmem.o
 .ARM.attributes
                0x0000000000000000       0x33 Src/sysmem.o
 .text          0x0000000000000000       0x14 Startup/startup_stm32f103c6tx.o
 .data          0x0000000000000000        0x0 Startup/startup_stm32f103c6tx.o
 .bss           0x0000000000000000        0x0 Startup/startup_stm32f103c6tx.o
 .group         0x0000000000000000        0xc Stm32_F103C6_Drivers/Keypad_Driver/Keypad.o
 .group         0x0000000000000000        0xc Stm32_F103C6_Drivers/Keypad_Driver/Keypad.o
 .group         0x0000000000000000        0xc Stm32_F103C6_Drivers/Keypad_Driver/Keypad.o
 .group         0x0000000000000000        0xc Stm32_F103C6_Drivers/Keypad_Driver/Keypad.o
 .group         0x0000000000000000        0xc Stm32_F103C6_Drivers/Keypad_Driver/Keypad.o
 .group         0x0000000000000000        0xc Stm32_F103C6_Drivers/Keypad_Driver/Keypad.o
 .group         0x0000000000000000        0xc Stm32_F103C6_Drivers/Keypad_Driver/Keypad.o
 .group         0x0000000000000000        0xc Stm32_F103C6_Drivers/Keypad_Driver/Keypad.o
 .group         0x0000000000000000        0xc Stm32_F103C6_Drivers/Keypad_Driver/Keypad.o
 .group         0x0000000000000000        0xc Stm32_F103C6_Drivers/Keypad_Driver/Keypad.o
 .group         0x0000000000000000        0xc Stm32_F103C6_Drivers/Keypad_Driver/Keypad.o
 .group         0x0000000000000000        0xc Stm32_F103C6_Drivers/Keypad_Driver/Keypad.o
 .group         0x0000000000000000        0xc Stm32_F103C6_Drivers/Keypad_Driver/Keypad.o
 .group         0x0000000000000000        0xc Stm32_F103C6_Drivers/Keypad_Driver/Keypad.o
 .group         0x0000000000000000        0xc Stm32_F103C6_Drivers/Keypad_Driver/Keypad.o
 .group         0x0000000000000000        0xc Stm32_F103C6_Drivers/Keypad_Driver/Keypad.o
 .group         0x0000000000000000        0xc Stm32_F103C6_Drivers/Keypad_Driver/Keypad.o
 .group         0x0000000000000000        0xc Stm32_F103C6_Drivers/Keypad_Driver/Keypad.o
 .group         0x0000000000000000        0xc Stm32_F103C6_Drivers/Keypad_Driver/Keypad.o
 .group         0x0000000000000000        0xc Stm32_F103C6_Drivers/Keypad_Driver/Keypad.o
 .group         0x0000000000000000        0xc Stm32_F103C6_Drivers/Keypad_Driver/Keypad.o
 .group         0x0000000000000000        0xc Stm32_F103C6_Drivers/Keypad_Driver/Keypad.o
 .group         0x0000000000000000        0xc Stm32_F103C6_Drivers/Keypad_Driver/Keypad.o
 .group         0x0000000000000000        0xc Stm32_F103C6_Drivers/Keypad_Driver/Keypad.o
 .group         0x0000000000000000        0xc Stm32_F103C6_Drivers/Keypad_Driver/Keypad.o
 .text          0x0000000000000000        0x0 Stm32_F103C6_Drivers/Keypad_Driver/Keypad.o
 .data          0x0000000000000000        0x0 Stm32_F103C6_Drivers/Keypad_Driver/Keypad.o
 .bss           0x0000000000000000        0x0 Stm32_F103C6_Drivers/Keypad_Driver/Keypad.o
 .debug_macro   0x0000000000000000      0xa60 Stm32_F103C6_Drivers/Keypad_Driver/Keypad.o
 .debug_macro   0x0000000000000000       0x18 Stm32_F103C6_Drivers/Keypad_Driver/Keypad.o
 .debug_macro   0x0000000000000000       0x22 Stm32_F103C6_Drivers/Keypad_Driver/Keypad.o
 .debug_macro   0x0000000000000000       0x40 Stm32_F103C6_Drivers/Keypad_Driver/Keypad.o
 .debug_macro   0x0000000000000000       0x94 Stm32_F103C6_Drivers/Keypad_Driver/Keypad.o
 .debug_macro   0x0000000000000000       0x3c Stm32_F103C6_Drivers/Keypad_Driver/Keypad.o
 .debug_macro   0x0000000000000000       0x34 Stm32_F103C6_Drivers/Keypad_Driver/Keypad.o
 .debug_macro   0x0000000000000000       0x16 Stm32_F103C6_Drivers/Keypad_Driver/Keypad.o
 .debug_macro   0x0000000000000000      0x10e Stm32_F103C6_Drivers/Keypad_Driver/Keypad.o
 .debug_macro   0x0000000000000000       0x8d Stm32_F103C6_Drivers/Keypad_Driver/Keypad.o
 .debug_macro   0x0000000000000000       0x57 Stm32_F103C6_Drivers/Keypad_Driver/Keypad.o
 .debug_macro   0x0000000000000000       0x52 Stm32_F103C6_Drivers/Keypad_Driver/Keypad.o
 .debug_macro   0x0000000000000000       0x1f Stm32_F103C6_Drivers/Keypad_Driver/Keypad.o
 .debug_macro   0x0000000000000000       0x43 Stm32_F103C6_Drivers/Keypad_Driver/Keypad.o
 .debug_macro   0x0000000000000000       0x20 Stm32_F103C6_Drivers/Keypad_Driver/Keypad.o
 .debug_macro   0x0000000000000000      0x1a3 Stm32_F103C6_Drivers/Keypad_Driver/Keypad.o
 .debug_macro   0x0000000000000000      0x330 Stm32_F103C6_Drivers/Keypad_Driver/Keypad.o
 .debug_macro   0x0000000000000000       0x16 Stm32_F103C6_Drivers/Keypad_Driver/Keypad.o
 .debug_macro   0x0000000000000000       0x29 Stm32_F103C6_Drivers/Keypad_Driver/Keypad.o
 .debug_macro   0x0000000000000000       0xef Stm32_F103C6_Drivers/Keypad_Driver/Keypad.o
 .debug_macro   0x0000000000000000       0x6a Stm32_F103C6_Drivers/Keypad_Driver/Keypad.o
 .debug_macro   0x0000000000000000      0x1df Stm32_F103C6_Drivers/Keypad_Driver/Keypad.o
 .debug_macro   0x0000000000000000       0xb4 Stm32_F103C6_Drivers/Keypad_Driver/Keypad.o
 .debug_macro   0x0000000000000000       0xd0 Stm32_F103C6_Drivers/Keypad_Driver/Keypad.o
 .group         0x0000000000000000        0xc Stm32_F103C6_Drivers/LCD_Driver/lcd.o
 .group         0x0000000000000000        0xc Stm32_F103C6_Drivers/LCD_Driver/lcd.o
 .group         0x0000000000000000        0xc Stm32_F103C6_Drivers/LCD_Driver/lcd.o
 .group         0x0000000000000000        0xc Stm32_F103C6_Drivers/LCD_Driver/lcd.o
 .group         0x0000000000000000        0xc Stm32_F103C6_Drivers/LCD_Driver/lcd.o
 .group         0x0000000000000000        0xc Stm32_F103C6_Drivers/LCD_Driver/lcd.o
 .group         0x0000000000000000        0xc Stm32_F103C6_Drivers/LCD_Driver/lcd.o
 .group         0x0000000000000000        0xc Stm32_F103C6_Drivers/LCD_Driver/lcd.o
 .group         0x0000000000000000        0xc Stm32_F103C6_Drivers/LCD_Driver/lcd.o
 .group         0x0000000000000000        0xc Stm32_F103C6_Drivers/LCD_Driver/lcd.o
 .group         0x0000000000000000        0xc Stm32_F103C6_Drivers/LCD_Driver/lcd.o
 .group         0x0000000000000000        0xc Stm32_F103C6_Drivers/LCD_Driver/lcd.o
 .group         0x0000000000000000        0xc Stm32_F103C6_Drivers/LCD_Driver/lcd.o
 .group         0x0000000000000000        0xc Stm32_F103C6_Drivers/LCD_Driver/lcd.o
 .group         0x0000000000000000        0xc Stm32_F103C6_Drivers/LCD_Driver/lcd.o
 .group         0x0000000000000000        0xc Stm32_F103C6_Drivers/LCD_Driver/lcd.o
 .group         0x0000000000000000        0xc Stm32_F103C6_Drivers/LCD_Driver/lcd.o
 .group         0x0000000000000000        0xc Stm32_F103C6_Drivers/LCD_Driver/lcd.o
 .group         0x0000000000000000        0xc Stm32_F103C6_Drivers/LCD_Driver/lcd.o
 .group         0x0000000000000000        0xc Stm32_F103C6_Drivers/LCD_Driver/lcd.o
 .group         0x0000000000000000        0xc Stm32_F103C6_Drivers/LCD_Driver/lcd.o
 .group         0x0000000000000000        0xc Stm32_F103C6_Drivers/LCD_Driver/lcd.o
 .group         0x0000000000000000        0xc Stm32_F103C6_Drivers/LCD_Driver/lcd.o
 .group         0x0000000000000000        0xc Stm32_F103C6_Drivers/LCD_Driver/lcd.o
 .group         0x0000000000000000        0xc Stm32_F103C6_Drivers/LCD_Driver/lcd.o
 .text          0x0000000000000000        0x0 Stm32_F103C6_Drivers/LCD_Driver/lcd.o
 .data          0x0000000000000000        0x0 Stm32_F103C6_Drivers/LCD_Driver/lcd.o
 .bss           0x0000000000000000        0x0 Stm32_F103C6_Drivers/LCD_Driver/lcd.o
 .text.LCD_GOTO_XY
                0x0000000000000000       0x48 Stm32_F103C6_Drivers/LCD_Driver/lcd.o
 .text.LCD_WRITE_STRING
                0x0000000000000000       0x58 Stm32_F103C6_Drivers/LCD_Driver/lcd.o
 .debug_macro   0x0000000000000000      0xa60 Stm32_F103C6_Drivers/LCD_Driver/lcd.o
 .debug_macro   0x0000000000000000       0x18 Stm32_F103C6_Drivers/LCD_Driver/lcd.o
 .debug_macro   0x0000000000000000       0x22 Stm32_F103C6_Drivers/LCD_Driver/lcd.o
 .debug_macro   0x0000000000000000       0x40 Stm32_F103C6_Drivers/LCD_Driver/lcd.o
 .debug_macro   0x0000000000000000       0x94 Stm32_F103C6_Drivers/LCD_Driver/lcd.o
 .debug_macro   0x0000000000000000       0x3c Stm32_F103C6_Drivers/LCD_Driver/lcd.o
 .debug_macro   0x0000000000000000       0x34 Stm32_F103C6_Drivers/LCD_Driver/lcd.o
 .debug_macro   0x0000000000000000       0x16 Stm32_F103C6_Drivers/LCD_Driver/lcd.o
 .debug_macro   0x0000000000000000      0x10e Stm32_F103C6_Drivers/LCD_Driver/lcd.o
 .debug_macro   0x0000000000000000       0x8d Stm32_F103C6_Drivers/LCD_Driver/lcd.o
 .debug_macro   0x0000000000000000       0x57 Stm32_F103C6_Drivers/LCD_Driver/lcd.o
 .debug_macro   0x0000000000000000       0x52 Stm32_F103C6_Drivers/LCD_Driver/lcd.o
 .debug_macro   0x0000000000000000       0x1f Stm32_F103C6_Drivers/LCD_Driver/lcd.o
 .debug_macro   0x0000000000000000       0x43 Stm32_F103C6_Drivers/LCD_Driver/lcd.o
 .debug_macro   0x0000000000000000       0x20 Stm32_F103C6_Drivers/LCD_Driver/lcd.o
 .debug_macro   0x0000000000000000      0x1a3 Stm32_F103C6_Drivers/LCD_Driver/lcd.o
 .debug_macro   0x0000000000000000      0x330 Stm32_F103C6_Drivers/LCD_Driver/lcd.o
 .debug_macro   0x0000000000000000       0x16 Stm32_F103C6_Drivers/LCD_Driver/lcd.o
 .debug_macro   0x0000000000000000       0x29 Stm32_F103C6_Drivers/LCD_Driver/lcd.o
 .debug_macro   0x0000000000000000       0xef Stm32_F103C6_Drivers/LCD_Driver/lcd.o
 .debug_macro   0x0000000000000000       0x6a Stm32_F103C6_Drivers/LCD_Driver/lcd.o
 .debug_macro   0x0000000000000000      0x1df Stm32_F103C6_Drivers/LCD_Driver/lcd.o
 .debug_macro   0x0000000000000000       0xb4 Stm32_F103C6_Drivers/LCD_Driver/lcd.o
 .debug_macro   0x0000000000000000       0xd0 Stm32_F103C6_Drivers/LCD_Driver/lcd.o
 .group         0x0000000000000000        0xc Stm32_F103C6_Drivers/Stm32_F103C6_GPIO_Driver.o
 .group         0x0000000000000000        0xc Stm32_F103C6_Drivers/Stm32_F103C6_GPIO_Driver.o
 .group         0x0000000000000000        0xc Stm32_F103C6_Drivers/Stm32_F103C6_GPIO_Driver.o
 .group         0x0000000000000000        0xc Stm32_F103C6_Drivers/Stm32_F103C6_GPIO_Driver.o
 .group         0x0000000000000000        0xc Stm32_F103C6_Drivers/Stm32_F103C6_GPIO_Driver.o
 .group         0x0000000000000000        0xc Stm32_F103C6_Drivers/Stm32_F103C6_GPIO_Driver.o
 .group         0x0000000000000000        0xc Stm32_F103C6_Drivers/Stm32_F103C6_GPIO_Driver.o
 .group         0x0000000000000000        0xc Stm32_F103C6_Drivers/Stm32_F103C6_GPIO_Driver.o
 .group         0x0000000000000000        0xc Stm32_F103C6_Drivers/Stm32_F103C6_GPIO_Driver.o
 .group         0x0000000000000000        0xc Stm32_F103C6_Drivers/Stm32_F103C6_GPIO_Driver.o
 .group         0x0000000000000000        0xc Stm32_F103C6_Drivers/Stm32_F103C6_GPIO_Driver.o
 .group         0x0000000000000000        0xc Stm32_F103C6_Drivers/Stm32_F103C6_GPIO_Driver.o
 .group         0x0000000000000000        0xc Stm32_F103C6_Drivers/Stm32_F103C6_GPIO_Driver.o
 .group         0x0000000000000000        0xc Stm32_F103C6_Drivers/Stm32_F103C6_GPIO_Driver.o
 .group         0x0000000000000000        0xc Stm32_F103C6_Drivers/Stm32_F103C6_GPIO_Driver.o
 .group         0x0000000000000000        0xc Stm32_F103C6_Drivers/Stm32_F103C6_GPIO_Driver.o
 .group         0x0000000000000000        0xc Stm32_F103C6_Drivers/Stm32_F103C6_GPIO_Driver.o
 .group         0x0000000000000000        0xc Stm32_F103C6_Drivers/Stm32_F103C6_GPIO_Driver.o
 .group         0x0000000000000000        0xc Stm32_F103C6_Drivers/Stm32_F103C6_GPIO_Driver.o
 .group         0x0000000000000000        0xc Stm32_F103C6_Drivers/Stm32_F103C6_GPIO_Driver.o
 .group         0x0000000000000000        0xc Stm32_F103C6_Drivers/Stm32_F103C6_GPIO_Driver.o
 .group         0x0000000000000000        0xc Stm32_F103C6_Drivers/Stm32_F103C6_GPIO_Driver.o
 .group         0x0000000000000000        0xc Stm32_F103C6_Drivers/Stm32_F103C6_GPIO_Driver.o
 .group         0x0000000000000000        0xc Stm32_F103C6_Drivers/Stm32_F103C6_GPIO_Driver.o
 .text          0x0000000000000000        0x0 Stm32_F103C6_Drivers/Stm32_F103C6_GPIO_Driver.o
 .data          0x0000000000000000        0x0 Stm32_F103C6_Drivers/Stm32_F103C6_GPIO_Driver.o
 .bss           0x0000000000000000        0x0 Stm32_F103C6_Drivers/Stm32_F103C6_GPIO_Driver.o
 .text.MCAL_GPIO_DeInit
                0x0000000000000000       0x98 Stm32_F103C6_Drivers/Stm32_F103C6_GPIO_Driver.o
 .text.MCAL_GPIO_ReadPort
                0x0000000000000000       0x1a Stm32_F103C6_Drivers/Stm32_F103C6_GPIO_Driver.o
 .text.MCAL_GPIO_TogglePin
                0x0000000000000000       0x22 Stm32_F103C6_Drivers/Stm32_F103C6_GPIO_Driver.o
 .text.MCAL_GPIO_LockPin
                0x0000000000000000       0x66 Stm32_F103C6_Drivers/Stm32_F103C6_GPIO_Driver.o
 .debug_macro   0x0000000000000000      0xa60 Stm32_F103C6_Drivers/Stm32_F103C6_GPIO_Driver.o
 .debug_macro   0x0000000000000000       0x18 Stm32_F103C6_Drivers/Stm32_F103C6_GPIO_Driver.o
 .debug_macro   0x0000000000000000       0x22 Stm32_F103C6_Drivers/Stm32_F103C6_GPIO_Driver.o
 .debug_macro   0x0000000000000000       0x40 Stm32_F103C6_Drivers/Stm32_F103C6_GPIO_Driver.o
 .debug_macro   0x0000000000000000       0x94 Stm32_F103C6_Drivers/Stm32_F103C6_GPIO_Driver.o
 .debug_macro   0x0000000000000000       0x3c Stm32_F103C6_Drivers/Stm32_F103C6_GPIO_Driver.o
 .debug_macro   0x0000000000000000       0x34 Stm32_F103C6_Drivers/Stm32_F103C6_GPIO_Driver.o
 .debug_macro   0x0000000000000000       0x16 Stm32_F103C6_Drivers/Stm32_F103C6_GPIO_Driver.o
 .debug_macro   0x0000000000000000      0x10e Stm32_F103C6_Drivers/Stm32_F103C6_GPIO_Driver.o
 .debug_macro   0x0000000000000000       0x8d Stm32_F103C6_Drivers/Stm32_F103C6_GPIO_Driver.o
 .debug_macro   0x0000000000000000       0x57 Stm32_F103C6_Drivers/Stm32_F103C6_GPIO_Driver.o
 .debug_macro   0x0000000000000000       0x52 Stm32_F103C6_Drivers/Stm32_F103C6_GPIO_Driver.o
 .debug_macro   0x0000000000000000       0x1f Stm32_F103C6_Drivers/Stm32_F103C6_GPIO_Driver.o
 .debug_macro   0x0000000000000000       0x43 Stm32_F103C6_Drivers/Stm32_F103C6_GPIO_Driver.o
 .debug_macro   0x0000000000000000       0x20 Stm32_F103C6_Drivers/Stm32_F103C6_GPIO_Driver.o
 .debug_macro   0x0000000000000000      0x1a3 Stm32_F103C6_Drivers/Stm32_F103C6_GPIO_Driver.o
 .debug_macro   0x0000000000000000      0x330 Stm32_F103C6_Drivers/Stm32_F103C6_GPIO_Driver.o
 .debug_macro   0x0000000000000000       0x16 Stm32_F103C6_Drivers/Stm32_F103C6_GPIO_Driver.o
 .debug_macro   0x0000000000000000       0x29 Stm32_F103C6_Drivers/Stm32_F103C6_GPIO_Driver.o
 .debug_macro   0x0000000000000000       0xef Stm32_F103C6_Drivers/Stm32_F103C6_GPIO_Driver.o
 .debug_macro   0x0000000000000000       0x6a Stm32_F103C6_Drivers/Stm32_F103C6_GPIO_Driver.o
 .debug_macro   0x0000000000000000      0x1df Stm32_F103C6_Drivers/Stm32_F103C6_GPIO_Driver.o
 .debug_macro   0x0000000000000000       0xb4 Stm32_F103C6_Drivers/Stm32_F103C6_GPIO_Driver.o
 .debug_macro   0x0000000000000000       0xd0 Stm32_F103C6_Drivers/Stm32_F103C6_GPIO_Driver.o
 .text          0x0000000000000000        0x0 c:/st/stm32cubeide_1.4.0/stm32cubeide/plugins/com.st.stm32cube.ide.mcu.externaltools.gnu-tools-for-stm32.7-2018-q2-update.win32_1.4.0.202007081208/tools/bin/../lib/gcc/arm-none-eabi/7.3.1/../../../../arm-none-eabi/lib/thumb/v7-m\libc_nano.a(lib_a-errno.o)
 .data          0x0000000000000000        0x0 c:/st/stm32cubeide_1.4.0/stm32cubeide/plugins/com.st.stm32cube.ide.mcu.externaltools.gnu-tools-for-stm32.7-2018-q2-update.win32_1.4.0.202007081208/tools/bin/../lib/gcc/arm-none-eabi/7.3.1/../../../../arm-none-eabi/lib/thumb/v7-m\libc_nano.a(lib_a-errno.o)
 .bss           0x0000000000000000        0x0 c:/st/stm32cubeide_1.4.0/stm32cubeide/plugins/com.st.stm32cube.ide.mcu.externaltools.gnu-tools-for-stm32.7-2018-q2-update.win32_1.4.0.202007081208/tools/bin/../lib/gcc/arm-none-eabi/7.3.1/../../../../arm-none-eabi/lib/thumb/v7-m\libc_nano.a(lib_a-errno.o)
 .text.__errno  0x0000000000000000        0xc c:/st/stm32cubeide_1.4.0/stm32cubeide/plugins/com.st.stm32cube.ide.mcu.externaltools.gnu-tools-for-stm32.7-2018-q2-update.win32_1.4.0.202007081208/tools/bin/../lib/gcc/arm-none-eabi/7.3.1/../../../../arm-none-eabi/lib/thumb/v7-m\libc_nano.a(lib_a-errno.o)
 .debug_frame   0x0000000000000000       0x20 c:/st/stm32cubeide_1.4.0/stm32cubeide/plugins/com.st.stm32cube.ide.mcu.externaltools.gnu-tools-for-stm32.7-2018-q2-update.win32_1.4.0.202007081208/tools/bin/../lib/gcc/arm-none-eabi/7.3.1/../../../../arm-none-eabi/lib/thumb/v7-m\libc_nano.a(lib_a-errno.o)
 .ARM.attributes
                0x0000000000000000       0x2d c:/st/stm32cubeide_1.4.0/stm32cubeide/plugins/com.st.stm32cube.ide.mcu.externaltools.gnu-tools-for-stm32.7-2018-q2-update.win32_1.4.0.202007081208/tools/bin/../lib/gcc/arm-none-eabi/7.3.1/../../../../arm-none-eabi/lib/thumb/v7-m\libc_nano.a(lib_a-errno.o)
 .text          0x0000000000000000        0x0 c:/st/stm32cubeide_1.4.0/stm32cubeide/plugins/com.st.stm32cube.ide.mcu.externaltools.gnu-tools-for-stm32.7-2018-q2-update.win32_1.4.0.202007081208/tools/bin/../lib/gcc/arm-none-eabi/7.3.1/../../../../arm-none-eabi/lib/thumb/v7-m\libc_nano.a(lib_a-exit.o)
 .data          0x0000000000000000        0x0 c:/st/stm32cubeide_1.4.0/stm32cubeide/plugins/com.st.stm32cube.ide.mcu.externaltools.gnu-tools-for-stm32.7-2018-q2-update.win32_1.4.0.202007081208/tools/bin/../lib/gcc/arm-none-eabi/7.3.1/../../../../arm-none-eabi/lib/thumb/v7-m\libc_nano.a(lib_a-exit.o)
 .bss           0x0000000000000000        0x0 c:/st/stm32cubeide_1.4.0/stm32cubeide/plugins/com.st.stm32cube.ide.mcu.externaltools.gnu-tools-for-stm32.7-2018-q2-update.win32_1.4.0.202007081208/tools/bin/../lib/gcc/arm-none-eabi/7.3.1/../../../../arm-none-eabi/lib/thumb/v7-m\libc_nano.a(lib_a-exit.o)
 .text.exit     0x0000000000000000       0x28 c:/st/stm32cubeide_1.4.0/stm32cubeide/plugins/com.st.stm32cube.ide.mcu.externaltools.gnu-tools-for-stm32.7-2018-q2-update.win32_1.4.0.202007081208/tools/bin/../lib/gcc/arm-none-eabi/7.3.1/../../../../arm-none-eabi/lib/thumb/v7-m\libc_nano.a(lib_a-exit.o)
 .debug_frame   0x0000000000000000       0x28 c:/st/stm32cubeide_1.4.0/stm32cubeide/plugins/com.st.stm32cube.ide.mcu.externaltools.gnu-tools-for-stm32.7-2018-q2-update.win32_1.4.0.202007081208/tools/bin/../lib/gcc/arm-none-eabi/7.3.1/../../../../arm-none-eabi/lib/thumb/v7-m\libc_nano.a(lib_a-exit.o)
 .ARM.attributes
                0x0000000000000000       0x2d c:/st/stm32cubeide_1.4.0/stm32cubeide/plugins/com.st.stm32cube.ide.mcu.externaltools.gnu-tools-for-stm32.7-2018-q2-update.win32_1.4.0.202007081208/tools/bin/../lib/gcc/arm-none-eabi/7.3.1/../../../../arm-none-eabi/lib/thumb/v7-m\libc_nano.a(lib_a-exit.o)
 .text          0x0000000000000000        0x0 c:/st/stm32cubeide_1.4.0/stm32cubeide/plugins/com.st.stm32cube.ide.mcu.externaltools.gnu-tools-for-stm32.7-2018-q2-update.win32_1.4.0.202007081208/tools/bin/../lib/gcc/arm-none-eabi/7.3.1/../../../../arm-none-eabi/lib/thumb/v7-m\libc_nano.a(lib_a-impure.o)
 .data          0x0000000000000000        0x0 c:/st/stm32cubeide_1.4.0/stm32cubeide/plugins/com.st.stm32cube.ide.mcu.externaltools.gnu-tools-for-stm32.7-2018-q2-update.win32_1.4.0.202007081208/tools/bin/../lib/gcc/arm-none-eabi/7.3.1/../../../../arm-none-eabi/lib/thumb/v7-m\libc_nano.a(lib_a-impure.o)
 .bss           0x0000000000000000        0x0 c:/st/stm32cubeide_1.4.0/stm32cubeide/plugins/com.st.stm32cube.ide.mcu.externaltools.gnu-tools-for-stm32.7-2018-q2-update.win32_1.4.0.202007081208/tools/bin/../lib/gcc/arm-none-eabi/7.3.1/../../../../arm-none-eabi/lib/thumb/v7-m\libc_nano.a(lib_a-impure.o)
 .data._impure_ptr
                0x0000000000000000        0x4 c:/st/stm32cubeide_1.4.0/stm32cubeide/plugins/com.st.stm32cube.ide.mcu.externaltools.gnu-tools-for-stm32.7-2018-q2-update.win32_1.4.0.202007081208/tools/bin/../lib/gcc/arm-none-eabi/7.3.1/../../../../arm-none-eabi/lib/thumb/v7-m\libc_nano.a(lib_a-impure.o)
 .data.impure_data
                0x0000000000000000       0x60 c:/st/stm32cubeide_1.4.0/stm32cubeide/plugins/com.st.stm32cube.ide.mcu.externaltools.gnu-tools-for-stm32.7-2018-q2-update.win32_1.4.0.202007081208/tools/bin/../lib/gcc/arm-none-eabi/7.3.1/../../../../arm-none-eabi/lib/thumb/v7-m\libc_nano.a(lib_a-impure.o)
 .rodata._global_impure_ptr
                0x0000000000000000        0x4 c:/st/stm32cubeide_1.4.0/stm32cubeide/plugins/com.st.stm32cube.ide.mcu.externaltools.gnu-tools-for-stm32.7-2018-q2-update.win32_1.4.0.202007081208/tools/bin/../lib/gcc/arm-none-eabi/7.3.1/../../../../arm-none-eabi/lib/thumb/v7-m\libc_nano.a(lib_a-impure.o)
 .ARM.attributes
                0x0000000000000000       0x2d c:/st/stm32cubeide_1.4.0/stm32cubeide/plugins/com.st.stm32cube.ide.mcu.externaltools.gnu-tools-for-stm32.7-2018-q2-update.win32_1.4.0.202007081208/tools/bin/../lib/gcc/arm-none-eabi/7.3.1/../../../../arm-none-eabi/lib/thumb/v7-m\libc_nano.a(lib_a-impure.o)
 .text          0x0000000000000000        0x0 c:/st/stm32cubeide_1.4.0/stm32cubeide/plugins/com.st.stm32cube.ide.mcu.externaltools.gnu-tools-for-stm32.7-2018-q2-update.win32_1.4.0.202007081208/tools/bin/../lib/gcc/arm-none-eabi/7.3.1/../../../../arm-none-eabi/lib/thumb/v7-m\libc_nano.a(lib_a-init.o)
 .data          0x0000000000000000        0x0 c:/st/stm32cubeide_1.4.0/stm32cubeide/plugins/com.st.stm32cube.ide.mcu.externaltools.gnu-tools-for-stm32.7-2018-q2-update.win32_1.4.0.202007081208/tools/bin/../lib/gcc/arm-none-eabi/7.3.1/../../../../arm-none-eabi/lib/thumb/v7-m\libc_nano.a(lib_a-init.o)
 .bss           0x0000000000000000        0x0 c:/st/stm32cubeide_1.4.0/stm32cubeide/plugins/com.st.stm32cube.ide.mcu.externaltools.gnu-tools-for-stm32.7-2018-q2-update.win32_1.4.0.202007081208/tools/bin/../lib/gcc/arm-none-eabi/7.3.1/../../../../arm-none-eabi/lib/thumb/v7-m\libc_nano.a(lib_a-init.o)
 .text          0x0000000000000000        0x0 c:/st/stm32cubeide_1.4.0/stm32cubeide/plugins/com.st.stm32cube.ide.mcu.externaltools.gnu-tools-for-stm32.7-2018-q2-update.win32_1.4.0.202007081208/tools/bin/../lib/gcc/arm-none-eabi/7.3.1/../../../../arm-none-eabi/lib/thumb/v7-m\libc_nano.a(lib_a-memset.o)
 .data          0x0000000000000000        0x0 c:/st/stm32cubeide_1.4.0/stm32cubeide/plugins/com.st.stm32cube.ide.mcu.externaltools.gnu-tools-for-stm32.7-2018-q2-update.win32_1.4.0.202007081208/tools/bin/../lib/gcc/arm-none-eabi/7.3.1/../../../../arm-none-eabi/lib/thumb/v7-m\libc_nano.a(lib_a-memset.o)
 .bss           0x0000000000000000        0x0 c:/st/stm32cubeide_1.4.0/stm32cubeide/plugins/com.st.stm32cube.ide.mcu.externaltools.gnu-tools-for-stm32.7-2018-q2-update.win32_1.4.0.202007081208/tools/bin/../lib/gcc/arm-none-eabi/7.3.1/../../../../arm-none-eabi/lib/thumb/v7-m\libc_nano.a(lib_a-memset.o)
 .text.memset   0x0000000000000000       0x10 c:/st/stm32cubeide_1.4.0/stm32cubeide/plugins/com.st.stm32cube.ide.mcu.externaltools.gnu-tools-for-stm32.7-2018-q2-update.win32_1.4.0.202007081208/tools/bin/../lib/gcc/arm-none-eabi/7.3.1/../../../../arm-none-eabi/lib/thumb/v7-m\libc_nano.a(lib_a-memset.o)
 .debug_frame   0x0000000000000000       0x20 c:/st/stm32cubeide_1.4.0/stm32cubeide/plugins/com.st.stm32cube.ide.mcu.externaltools.gnu-tools-for-stm32.7-2018-q2-update.win32_1.4.0.202007081208/tools/bin/../lib/gcc/arm-none-eabi/7.3.1/../../../../arm-none-eabi/lib/thumb/v7-m\libc_nano.a(lib_a-memset.o)
 .ARM.attributes
                0x0000000000000000       0x2d c:/st/stm32cubeide_1.4.0/stm32cubeide/plugins/com.st.stm32cube.ide.mcu.externaltools.gnu-tools-for-stm32.7-2018-q2-update.win32_1.4.0.202007081208/tools/bin/../lib/gcc/arm-none-eabi/7.3.1/../../../../arm-none-eabi/lib/thumb/v7-m\libc_nano.a(lib_a-memset.o)
 .text          0x0000000000000000        0x0 c:/st/stm32cubeide_1.4.0/stm32cubeide/plugins/com.st.stm32cube.ide.mcu.externaltools.gnu-tools-for-stm32.7-2018-q2-update.win32_1.4.0.202007081208/tools/bin/../lib/gcc/arm-none-eabi/7.3.1/thumb/v7-m/crtend.o
 .data          0x0000000000000000        0x0 c:/st/stm32cubeide_1.4.0/stm32cubeide/plugins/com.st.stm32cube.ide.mcu.externaltools.gnu-tools-for-stm32.7-2018-q2-update.win32_1.4.0.202007081208/tools/bin/../lib/gcc/arm-none-eabi/7.3.1/thumb/v7-m/crtend.o
 .bss           0x0000000000000000        0x0 c:/st/stm32cubeide_1.4.0/stm32cubeide/plugins/com.st.stm32cube.ide.mcu.externaltools.gnu-tools-for-stm32.7-2018-q2-update.win32_1.4.0.202007081208/tools/bin/../lib/gcc/arm-none-eabi/7.3.1/thumb/v7-m/crtend.o
 .eh_frame      0x0000000000000000        0x4 c:/st/stm32cubeide_1.4.0/stm32cubeide/plugins/com.st.stm32cube.ide.mcu.externaltools.gnu-tools-for-stm32.7-2018-q2-update.win32_1.4.0.202007081208/tools/bin/../lib/gcc/arm-none-eabi/7.3.1/thumb/v7-m/crtend.o
 .ARM.attributes
                0x0000000000000000       0x2d c:/st/stm32cubeide_1.4.0/stm32cubeide/plugins/com.st.stm32cube.ide.mcu.externaltools.gnu-tools-for-stm32.7-2018-q2-update.win32_1.4.0.202007081208/tools/bin/../lib/gcc/arm-none-eabi/7.3.1/thumb/v7-m/crtend.o
 .text          0x0000000000000000        0x0 c:/st/stm32cubeide_1.4.0/stm32cubeide/plugins/com.st.stm32cube.ide.mcu.externaltools.gnu-tools-for-stm32.7-2018-q2-update.win32_1.4.0.202007081208/tools/bin/../lib/gcc/arm-none-eabi/7.3.1/thumb/v7-m/crtn.o
 .data          0x0000000000000000        0x0 c:/st/stm32cubeide_1.4.0/stm32cubeide/plugins/com.st.stm32cube.ide.mcu.externaltools.gnu-tools-for-stm32.7-2018-q2-update.win32_1.4.0.202007081208/tools/bin/../lib/gcc/arm-none-eabi/7.3.1/thumb/v7-m/crtn.o
 .bss           0x0000000000000000        0x0 c:/st/stm32cubeide_1.4.0/stm32cubeide/plugins/com.st.stm32cube.ide.mcu.externaltools.gnu-tools-for-stm32.7-2018-q2-update.win32_1.4.0.202007081208/tools/bin/../lib/gcc/arm-none-eabi/7.3.1/thumb/v7-m/crtn.o

Memory Configuration

Name             Origin             Length             Attributes
RAM              0x0000000020000000 0x0000000000002800 xrw
ROM              0x0000000008000000 0x0000000000008000 xr
*default*        0x0000000000000000 0xffffffffffffffff

Linker script and memory map

LOAD c:/st/stm32cubeide_1.4.0/stm32cubeide/plugins/com.st.stm32cube.ide.mcu.externaltools.gnu-tools-for-stm32.7-2018-q2-update.win32_1.4.0.202007081208/tools/bin/../lib/gcc/arm-none-eabi/7.3.1/thumb/v7-m/crti.o
LOAD c:/st/stm32cubeide_1.4.0/stm32cubeide/plugins/com.st.stm32cube.ide.mcu.externaltools.gnu-tools-for-stm32.7-2018-q2-update.win32_1.4.0.202007081208/tools/bin/../lib/gcc/arm-none-eabi/7.3.1/thumb/v7-m/crtbegin.o
LOAD c:/st/stm32cubeide_1.4.0/stm32cubeide/plugins/com.st.stm32cube.ide.mcu.externaltools.gnu-tools-for-stm32.7-2018-q2-update.win32_1.4.0.202007081208/tools/bin/../lib/gcc/arm-none-eabi/7.3.1/../../../../arm-none-eabi/lib/thumb/v7-m/crt0.o
LOAD Src/main.o
LOAD Src/syscalls.o
LOAD Src/sysmem.o
LOAD Startup/startup_stm32f103c6tx.o
LOAD Stm32_F103C6_Drivers/Keypad_Driver/Keypad.o
LOAD Stm32_F103C6_Drivers/LCD_Driver/lcd.o
LOAD Stm32_F103C6_Drivers/Stm32_F103C6_GPIO_Driver.o
START GROUP
LOAD c:/st/stm32cubeide_1.4.0/stm32cubeide/plugins/com.st.stm32cube.ide.mcu.externaltools.gnu-tools-for-stm32.7-2018-q2-update.win32_1.4.0.202007081208/tools/bin/../lib/gcc/arm-none-eabi/7.3.1/../../../../arm-none-eabi/lib/thumb/v7-m\libc_nano.a
LOAD c:/st/stm32cubeide_1.4.0/stm32cubeide/plugins/com.st.stm32cube.ide.mcu.externaltools.gnu-tools-for-stm32.7-2018-q2-update.win32_1.4.0.202007081208/tools/bin/../lib/gcc/arm-none-eabi/7.3.1/../../../../arm-none-eabi/lib/thumb/v7-m\libm.a
END GROUP
START GROUP
LOAD c:/st/stm32cubeide_1.4.0/stm32cubeide/plugins/com.st.stm32cube.ide.mcu.externaltools.gnu-tools-for-stm32.7-2018-q2-update.win32_1.4.0.202007081208/tools/bin/../lib/gcc/arm-none-eabi/7.3.1/thumb/v7-m\libgcc.a
LOAD c:/st/stm32cubeide_1.4.0/stm32cubeide/plugins/com.st.stm32cube.ide.mcu.externaltools.gnu-tools-for-stm32.7-2018-q2-update.win32_1.4.0.202007081208/tools/bin/../lib/gcc/arm-none-eabi/7.3.1/../../../../arm-none-eabi/lib/thumb/v7-m\libg_nano.a
LOAD c:/st/stm32cubeide_1.4.0/stm32cubeide/plugins/com.st.stm32cube.ide.mcu.externaltools.gnu-tools-for-stm32.7-2018-q2-update.win32_1.4.0.202007081208/tools/bin/../lib/gcc/arm-none-eabi/7.3.1/../../../../arm-none-eabi/lib/thumb/v7-m\libc_nano.a
END GROUP
START GROUP
LOAD c:/st/stm32cubeide_1.4.0/stm32cubeide/plugins/com.st.stm32cube.ide.mcu.externaltools.gnu-tools-for-stm32.7-2018-q2-update.win32_1.4.0.202007081208/tools/bin/../lib/gcc/arm-none-eabi/7.3.1/thumb/v7-m\libgcc.a
LOAD c:/st/stm32cubeide_1.4.0/stm32cubeide/plugins/com.st.stm32cube.ide.mcu.externaltools.gnu-tools-for-stm32.7-2018-q2-update.win32_1.4.0.202007081208/tools/bin/../lib/gcc/arm-none-eabi/7.3.1/../../../../arm-none-eabi/lib/thumb/v7-m\libc_nano.a
LOAD c:/st/stm32cubeide_1.4.0/stm32cubeide/plugins/com.st.stm32cube.ide.mcu.externaltools.gnu-tools-for-stm32.7-2018-q2-update.win32_1.4.0.202007081208/tools/bin/../lib/gcc/arm-none-eabi/7.3.1/../../../../arm-none-eabi/lib/thumb/v7-m\libnosys.a
END GROUP
START GROUP
LOAD c:/st/stm32cubeide_1.4.0/stm32cubeide/plugins/com.st.stm32cube.ide.mcu.externaltools.gnu-tools-for-stm32.7-2018-q2-update.win32_1.4.0.202007081208/tools/bin/../lib/gcc/arm-none-eabi/7.3.1/thumb/v7-m\libgcc.a
LOAD c:/st/stm32cubeide_1.4.0/stm32cubeide/plugins/com.st.stm32cube.ide.mcu.externaltools.gnu-tools-for-stm32.7-2018-q2-update.win32_1.4.0.202007081208/tools/bin/../lib/gcc/arm-none-eabi/7.3.1/../../../../arm-none-eabi/lib/thumb/v7-m\libc_nano.a
LOAD c:/st/stm32cubeide_1.4.0/stm32cubeide/plugins/com.st.stm32cube.ide.mcu.externaltools.gnu-tools-for-stm32.7-2018-q2-update.win32_1.4.0.202007081208/tools/bin/../lib/gcc/arm-none-eabi/7.3.1/../../../../arm-none-eabi/lib/thumb/v7-m\libnosys.a
END GROUP
LOAD c:/st/stm32cubeide_1.4.0/stm32cubeide/plugins/com.st.stm32cube.ide.mcu.externaltools.gnu-tools-for-stm32.7-2018-q2-update.win32_1.4.0.202007081208/tools/bin/../lib/gcc/arm-none-eabi/7.3.1/thumb/v7-m/crtend.o
LOAD c:/st/stm32cubeide_1.4.0/stm32cubeide/plugins/com.st.stm32cube.ide.mcu.externaltools.gnu-tools-for-stm32.7-2018-q2-update.win32_1.4.0.202007081208/tools/bin/../lib/gcc/arm-none-eabi/7.3.1/thumb/v7-m/crtn.o
                0x0000000020002800                _estack = (ORIGIN (RAM) + LENGTH (RAM))
                0x0000000000000200                _Min_Heap_Size = 0x200
                0x0000000000000400                _Min_Stack_Size = 0x400

.isr_vector     0x0000000008000000      0x130
                0x0000000008000000                . = ALIGN (0x4)
 *(.isr_vector)
 .isr_vector    0x0000000008000000      0x130 Startup/startup_stm32f103c6tx.o
                0x0000000008000000                g_pfnVectors
                0x0000000008000130                . = ALIGN (0x4)

.text           0x0000000008000130      0x87c
                0x0000000008000130                . = ALIGN (0x4)
 *(.text)
 .text          0x0000000008000130       0x40 c:/st/stm32cubeide_1.4.0/stm32cubeide/plugins/com.st.stm32cube.ide.mcu.externaltools.gnu-tools-for-stm32.7-2018-q2-update.win32_1.4.0.202007081208/tools/bin/../lib/gcc/arm-none-eabi/7.3.1/thumb/v7-m/crtbegin.o
 *(.text*)
 .text.clock_init
                0x0000000008000170       0x28 Src/main.o
                0x0000000008000170                clock_init
 .text.GPIO_init
                0x0000000008000198       0x2c Src/main.o
                0x0000000008000198                GPIO_init
 .text.delay    0x00000000080001c4       0x38 Src/main.o
                0x00000000080001c4                delay
 .text.main     0x00000000080001fc       0xb4 Src/main.o
                0x00000000080001fc                main
 .text.Reset_Handler
                0x00000000080002b0       0x50 Startup/startup_stm32f103c6tx.o
                0x00000000080002b0                Reset_Handler
 .text.Default_Handler
                0x0000000008000300        0x2 Startup/startup_stm32f103c6tx.o
                0x0000000008000300                EXTI2_IRQHandler
                0x0000000008000300                TIM8_TRG_COM_IRQHandler
                0x0000000008000300                TIM8_CC_IRQHandler
                0x0000000008000300                DebugMon_Handler
                0x0000000008000300                TIM1_CC_IRQHandler
                0x0000000008000300                HardFault_Handler
                0x0000000008000300                TIM6_IRQHandler
                0x0000000008000300                SysTick_Handler
                0x0000000008000300                PVD_IRQHandler
                0x0000000008000300                SDIO_IRQHandler
                0x0000000008000300                PendSV_Handler
                0x0000000008000300                NMI_Handler
                0x0000000008000300                EXTI3_IRQHandler
                0x0000000008000300                USB_HP_CAN_TX_IRQHandler
                0x0000000008000300                EXTI0_IRQHandler
                0x0000000008000300                I2C2_EV_IRQHandler
                0x0000000008000300                UsageFault_Handler
                0x0000000008000300                ADC1_2_IRQHandler
                0x0000000008000300                SPI1_IRQHandler
                0x0000000008000300                CAN_SCE_IRQHandler
                0x0000000008000300                TAMPER_IRQHandler
                0x0000000008000300                TIM8_UP_IRQHandler
                0x0000000008000300                DMA2_Channel2_IRQHandler
                0x0000000008000300                DMA1_Channel4_IRQHandler
                0x0000000008000300                USART3_IRQHandler
                0x0000000008000300                RTC_IRQHandler
                0x0000000008000300                DMA1_Channel7_IRQHandler
                0x0000000008000300                UART5_IRQHandler
                0x0000000008000300                ADC3_IRQHandler
                0x0000000008000300                TIM4_IRQHandler
                0x0000000008000300                CAN_RX1_IRQHandler
                0x0000000008000300                DMA2_Channel1_IRQHandler
                0x0000000008000300                I2C1_EV_IRQHandler
                0x0000000008000300                DMA1_Channel6_IRQHandler
                0x0000000008000300                UART4_IRQHandler
                0x0000000008000300                TIM3_IRQHandler
                0x0000000008000300                RCC_IRQHandler
                0x0000000008000300                TIM1_TRG_COM_IRQHandler
                0x0000000008000300                DMA1_Channel1_IRQHandler
                0x0000000008000300                Default_Handler
                0x0000000008000300                EXTI15_10_IRQHandler
                0x0000000008000300                TIM7_IRQHandler
                0x0000000008000300                TIM5_IRQHandler
                0x0000000008000300                EXTI9_5_IRQHandler
                0x0000000008000300                SPI2_IRQHandler
                0x0000000008000300                USB_LP_CAN_RX0_IRQHandler
                0x0000000008000300                MemManage_Handler
                0x0000000008000300                SVC_Handler
                0x0000000008000300                DMA1_Channel5_IRQHandler
                0x0000000008000300                EXTI4_IRQHandler
                0x0000000008000300                DMA1_Channel3_IRQHandler
                0x0000000008000300                FSMC_IRQHandler
                0x0000000008000300                TIM1_UP_IRQHandler
                0x0000000008000300                WWDG_IRQHandler
                0x0000000008000300                TIM2_IRQHandler
                0x0000000008000300                TIM1_BRK_IRQHandler
                0x0000000008000300                EXTI1_IRQHandler
                0x0000000008000300                RTCAlarm_IRQHandler
                0x0000000008000300                DMA2_Channel4_5_IRQHandler
                0x0000000008000300                USART2_IRQHandler
                0x0000000008000300                I2C2_ER_IRQHandler
                0x0000000008000300                DMA1_Channel2_IRQHandler
                0x0000000008000300                TIM8_BRK_IRQHandler
                0x0000000008000300                FLASH_IRQHandler
                0x0000000008000300                BusFault_Handler
                0x0000000008000300                USART1_IRQHandler
                0x0000000008000300                SPI3_IRQHandler
                0x0000000008000300                I2C1_ER_IRQHandler
                0x0000000008000300                DMA2_Channel3_IRQHandler
 *fill*         0x0000000008000302        0x2 
 .text.Keypad_Init
                0x0000000008000304       0x50 Stm32_F103C6_Drivers/Keypad_Driver/Keypad.o
                0x0000000008000304                Keypad_Init
 .text.Keypad_Getkey
                0x0000000008000354      0x194 Stm32_F103C6_Drivers/Keypad_Driver/Keypad.o
                0x0000000008000354                Keypad_Getkey
 .text._delay_ms
                0x00000000080004e8       0x38 Stm32_F103C6_Drivers/LCD_Driver/lcd.o
                0x00000000080004e8                _delay_ms
 .text.LCD_clear_screen
                0x0000000008000520        0xe Stm32_F103C6_Drivers/LCD_Driver/lcd.o
                0x0000000008000520                LCD_clear_screen
 *fill*         0x000000000800052e        0x2 
 .text.LCD_INIT
                0x0000000008000530       0x74 Stm32_F103C6_Drivers/LCD_Driver/lcd.o
                0x0000000008000530                LCD_INIT
 .text.LCD_lcd_kick
                0x00000000080005a4       0x2c Stm32_F103C6_Drivers/LCD_Driver/lcd.o
                0x00000000080005a4                LCD_lcd_kick
 .text.LCD_check_lcd_isbusy
                0x00000000080005d0       0x6c Stm32_F103C6_Drivers/LCD_Driver/lcd.o
                0x00000000080005d0                LCD_check_lcd_isbusy
 .text.LCD_WRITE_COMMAND
                0x000000000800063c       0x48 Stm32_F103C6_Drivers/LCD_Driver/lcd.o
                0x000000000800063c                LCD_WRITE_COMMAND
 .text.LCD_WRITE_CHAR
                0x0000000008000684       0x48 Stm32_F103C6_Drivers/LCD_Driver/lcd.o
                0x0000000008000684                LCD_WRITE_CHAR
 .text.Get_CRLH_Position
                0x00000000080006cc       0x5e Stm32_F103C6_Drivers/Stm32_F103C6_GPIO_Driver.o
                0x00000000080006cc                Get_CRLH_Position
 .text.MCAL_GPIO_Init
                0x000000000800072a      0x106 Stm32_F103C6_Drivers/Stm32_F103C6_GPIO_Driver.o
                0x000000000800072a                MCAL_GPIO_Init
 .text.MCAL_GPIO_Init_Port_Range
                0x0000000008000830       0xa4 Stm32_F103C6_Drivers/Stm32_F103C6_GPIO_Driver.o
                0x0000000008000830                MCAL_GPIO_Init_Port_Range
 .text.MCAL_GPIO_ReadPin
                0x00000000080008d4       0x2e Stm32_F103C6_Drivers/Stm32_F103C6_GPIO_Driver.o
                0x00000000080008d4                MCAL_GPIO_ReadPin
 .text.MCAL_GPIO_WritePin
                0x0000000008000902       0x2e Stm32_F103C6_Drivers/Stm32_F103C6_GPIO_Driver.o
                0x0000000008000902                MCAL_GPIO_WritePin
 .text.MCAL_GPIO_WritePort
                0x0000000008000930       0x1c Stm32_F103C6_Drivers/Stm32_F103C6_GPIO_Driver.o
                0x0000000008000930                MCAL_GPIO_WritePort
 .text.__libc_init_array
                0x000000000800094c       0x48 c:/st/stm32cubeide_1.4.0/stm32cubeide/plugins/com.st.stm32cube.ide.mcu.externaltools.gnu-tools-for-stm32.7-2018-q2-update.win32_1.4.0.202007081208/tools/bin/../lib/gcc/arm-none-eabi/7.3.1/../../../../arm-none-eabi/lib/thumb/v7-m\libc_nano.a(lib_a-init.o)
                0x000000000800094c                __libc_init_array
 *(.glue_7)
 .glue_7        0x0000000008000994        0x0 linker stubs
 *(.glue_7t)
 .glue_7t       0x0000000008000994        0x0 linker stubs
 *(.eh_frame)
 .eh_frame      0x0000000008000994        0x0 c:/st/stm32cubeide_1.4.0/stm32cubeide/plugins/com.st.stm32cube.ide.mcu.externaltools.gnu-tools-for-stm32.7-2018-q2-update.win32_1.4.0.202007081208/tools/bin/../lib/gcc/arm-none-eabi/7.3.1/thumb/v7-m/crtbegin.o
 *(.init)
 .init          0x0000000008000994        0x4 c:/st/stm32cubeide_1.4.0/stm32cubeide/plugins/com.st.stm32cube.ide.mcu.externaltools.gnu-tools-for-stm32.7-2018-q2-update.win32_1.4.0.202007081208/tools/bin/../lib/gcc/arm-none-eabi/7.3.1/thumb/v7-m/crti.o
                0x0000000008000994                _init
 .init          0x0000000008000998        0x8 c:/st/stm32cubeide_1.4.0/stm32cubeide/plugins/com.st.stm32cube.ide.mcu.externaltools.gnu-tools-for-stm32.7-2018-q2-update.win32_1.4.0.202007081208/tools/bin/../lib/gcc/arm-none-eabi/7.3.1/thumb/v7-m/crtn.o
 *(.fini)
 .fini          0x00000000080009a0        0x4 c:/st/stm32cubeide_1.4.0/stm32cubeide/plugins/com.st.stm32cube.ide.mcu.externaltools.gnu-tools-for-stm32.7-2018-q2-update.win32_1.4.0.202007081208/tools/bin/../lib/gcc/arm-none-eabi/7.3.1/thumb/v7-m/crti.o
                0x00000000080009a0                _fini
 .fini          0x00000000080009a4        0x8 c:/st/stm32cubeide_1.4.0/stm32cubeide/plugins/com.st.stm32cube.ide.mcu.externaltools.gnu-tools-for-stm32.7-2018-q2-update.win32_1.4.0.202007081208/tools/bin/../lib/gcc/arm-none-eabi/7.3.1/thumb/v7-m/crtn.o
                0x00000000080009ac                . = ALIGN (0x4)
                0x00000000080009ac                _etext = .

.vfp11_veneer   0x00000000080009ac        0x0
 .vfp11_veneer  0x00000000080009ac        0x0 linker stubs

.v4_bx          0x00000000080009ac        0x0
 .v4_bx         0x00000000080009ac        0x0 linker stubs

.iplt           0x00000000080009ac        0x0
 .iplt          0x00000000080009ac        0x0 c:/st/stm32cubeide_1.4.0/stm32cubeide/plugins/com.st.stm32cube.ide.mcu.externaltools.gnu-tools-for-stm32.7-2018-q2-update.win32_1.4.0.202007081208/tools/bin/../lib/gcc/arm-none-eabi/7.3.1/thumb/v7-m/crtbegin.o

.rodata         0x00000000080009ac       0x38
                0x00000000080009ac                . = ALIGN (0x4)
 *(.rodata)
 .rodata        0x00000000080009ac       0x17 Src/main.o
 *fill*         0x00000000080009c3        0x1 
 .rodata        0x00000000080009c4       0x20 Stm32_F103C6_Drivers/Stm32_F103C6_GPIO_Driver.o
 *(.rodata*)
                0x00000000080009e4                . = ALIGN (0x4)

.rel.dyn        0x00000000080009e4        0x0
 .rel.iplt      0x00000000080009e4        0x0 c:/st/stm32cubeide_1.4.0/stm32cubeide/plugins/com.st.stm32cube.ide.mcu.externaltools.gnu-tools-for-stm32.7-2018-q2-update.win32_1.4.0.202007081208/tools/bin/../lib/gcc/arm-none-eabi/7.3.1/thumb/v7-m/crtbegin.o

.ARM.extab      0x00000000080009e4        0x0
                0x00000000080009e4                . = ALIGN (0x4)
 *(.ARM.extab* .gnu.linkonce.armextab.*)
                0x00000000080009e4                . = ALIGN (0x4)

.ARM            0x00000000080009e4        0x0
                0x00000000080009e4                . = ALIGN (0x4)
                0x00000000080009e4                __exidx_start = .
 *(.ARM.exidx*)
                0x00000000080009e4                __exidx_end = .
                0x00000000080009e4                . = ALIGN (0x4)

.preinit_array  0x00000000080009e4        0x0
                0x00000000080009e4                . = ALIGN (0x4)
                0x00000000080009e4                PROVIDE (__preinit_array_start = .)
 *(.preinit_array*)
                0x00000000080009e4                PROVIDE (__preinit_array_end = .)
                0x00000000080009e4                . = ALIGN (0x4)

.init_array     0x00000000080009e4        0x4
                0x00000000080009e4                . = ALIGN (0x4)
                0x00000000080009e4                PROVIDE (__init_array_start = .)
 *(SORT_BY_NAME(.init_array.*))
 *(.init_array*)
 .init_array    0x00000000080009e4        0x4 c:/st/stm32cubeide_1.4.0/stm32cubeide/plugins/com.st.stm32cube.ide.mcu.externaltools.gnu-tools-for-stm32.7-2018-q2-update.win32_1.4.0.202007081208/tools/bin/../lib/gcc/arm-none-eabi/7.3.1/thumb/v7-m/crtbegin.o
                0x00000000080009e8                PROVIDE (__init_array_end = .)
                0x00000000080009e8                . = ALIGN (0x4)

.fini_array     0x00000000080009e8        0x4
                0x00000000080009e8                . = ALIGN (0x4)
                [!provide]                        PROVIDE (__fini_array_start = .)
 *(SORT_BY_NAME(.fini_array.*))
 *(.fini_array*)
 .fini_array    0x00000000080009e8        0x4 c:/st/stm32cubeide_1.4.0/stm32cubeide/plugins/com.st.stm32cube.ide.mcu.externaltools.gnu-tools-for-stm32.7-2018-q2-update.win32_1.4.0.202007081208/tools/bin/../lib/gcc/arm-none-eabi/7.3.1/thumb/v7-m/crtbegin.o
                [!provide]                        PROVIDE (__fini_array_end = .)
                0x00000000080009ec                . = ALIGN (0x4)
                0x00000000080009ec                _sidata = LOADADDR (.data)

.data           0x0000000020000000       0x20 load address 0x00000000080009ec
                0x0000000020000000                . = ALIGN (0x4)
                0x0000000020000000                _sdata = .
 *(.data)
 *(.data*)
 .data.KeypadRow
                0x0000000020000000       0x10 Stm32_F103C6_Drivers/Keypad_Driver/Keypad.o
                0x0000000020000000                KeypadRow
 .data.KeypadCol
                0x0000000020000010       0x10 Stm32_F103C6_Drivers/Keypad_Driver/Keypad.o
                0x0000000020000010                KeypadCol
                0x0000000020000020                . = ALIGN (0x4)
                0x0000000020000020                _edata = .

.igot.plt       0x0000000020000020        0x0 load address 0x0000000008000a0c
 .igot.plt      0x0000000020000020        0x0 c:/st/stm32cubeide_1.4.0/stm32cubeide/plugins/com.st.stm32cube.ide.mcu.externaltools.gnu-tools-for-stm32.7-2018-q2-update.win32_1.4.0.202007081208/tools/bin/../lib/gcc/arm-none-eabi/7.3.1/thumb/v7-m/crtbegin.o
                0x0000000020000020                . = ALIGN (0x4)

.bss            0x0000000020000020       0x20 load address 0x0000000008000a0c
                0x0000000020000020                _sbss = .
                0x0000000020000020                __bss_start__ = _sbss
 *(.bss)
 .bss           0x0000000020000020       0x1c c:/st/stm32cubeide_1.4.0/stm32cubeide/plugins/com.st.stm32cube.ide.mcu.externaltools.gnu-tools-for-stm32.7-2018-q2-update.win32_1.4.0.202007081208/tools/bin/../lib/gcc/arm-none-eabi/7.3.1/thumb/v7-m/crtbegin.o
 *(.bss*)
 *(COMMON)
 COMMON         0x000000002000003c        0x4 Src/main.o
                0x000000002000003c                PinCfg
                0x0000000020000040                . = ALIGN (0x4)
                0x0000000020000040                _ebss = .
                0x0000000020000040                __bss_end__ = _ebss

._user_heap_stack
                0x0000000020000040      0x600 load address 0x0000000008000a0c
                0x0000000020000040                . = ALIGN (0x8)
                [!provide]                        PROVIDE (end = .)
                0x0000000020000040                PROVIDE (_end = .)
                0x0000000020000240                . = (. + _Min_Heap_Size)
 *fill*         0x0000000020000040      0x200 
                0x0000000020000640                . = (. + _Min_Stack_Size)
 *fill*         0x0000000020000240      0x400 
                0x0000000020000640                . = ALIGN (0x8)

/DISCARD/
 libc.a(*)
 libm.a(*)
 libgcc.a(*)

.ARM.attributes
                0x0000000000000000       0x29
 *(.ARM.attributes)
 .ARM.attributes
                0x0000000000000000       0x1d c:/st/stm32cubeide_1.4.0/stm32cubeide/plugins/com.st.stm32cube.ide.mcu.externaltools.gnu-tools-for-stm32.7-2018-q2-update.win32_1.4.0.202007081208/tools/bin/../lib/gcc/arm-none-eabi/7.3.1/thumb/v7-m/crti.o
 .ARM.attributes
                0x000000000000001d       0x2d c:/st/stm32cubeide_1.4.0/stm32cubeide/plugins/com.st.stm32cube.ide.mcu.externaltools.gnu-tools-for-stm32.7-2018-q2-update.win32_1.4.0.202007081208/tools/bin/../lib/gcc/arm-none-eabi/7.3.1/thumb/v7-m/crtbegin.o
 .ARM.attributes
                0x000000000000004a       0x33 Src/main.o
 .ARM.attributes
                0x000000000000007d       0x21 Startup/startup_stm32f103c6tx.o
 .ARM.attributes
                0x000000000000009e       0x33 Stm32_F103C6_Drivers/Keypad_Driver/Keypad.o
 .ARM.attributes
                0x00000000000000d1       0x33 Stm32_F103C6_Drivers/LCD_Driver/lcd.o
 .ARM.attributes
                0x0000000000000104       0x33 Stm32_F103C6_Drivers/Stm32_F103C6_GPIO_Driver.o
 .ARM.attributes
                0x0000000000000137       0x2d c:/st/stm32cubeide_1.4.0/stm32cubeide/plugins/com.st.stm32cube.ide.mcu.externaltools.gnu-tools-for-stm32.7-2018-q2-update.win32_1.4.0.202007081208/tools/bin/../lib/gcc/arm-none-eabi/7.3.1/../../../../arm-none-eabi/lib/thumb/v7-m\libc_nano.a(lib_a-init.o)
 .ARM.attributes
                0x0000000000000164       0x1d c:/st/stm32cubeide_1.4.0/stm32cubeide/plugins/com.st.stm32cube.ide.mcu.externaltools.gnu-tools-for-stm32.7-2018-q2-update.win32_1.4.0.202007081208/tools/bin/../lib/gcc/arm-none-eabi/7.3.1/thumb/v7-m/crtn.o
OUTPUT(Drivers.elf elf32-littlearm)

.debug_info     0x0000000000000000     0x3132
 .debug_info    0x0000000000000000      0xc15 Src/main.o
 .debug_info    0x0000000000000c15       0x22 Startup/startup_stm32f103c6tx.o
 .debug_info    0x0000000000000c37      0xb0a Stm32_F103C6_Drivers/Keypad_Driver/Keypad.o
 .debug_info    0x0000000000001741      0xbdc Stm32_F103C6_Drivers/LCD_Driver/lcd.o
 .debug_info    0x000000000000231d      0xe15 Stm32_F103C6_Drivers/Stm32_F103C6_GPIO_Driver.o

.debug_abbrev   0x0000000000000000      0x7e3
 .debug_abbrev  0x0000000000000000      0x201 Src/main.o
 .debug_abbrev  0x0000000000000201       0x12 Startup/startup_stm32f103c6tx.o
 .debug_abbrev  0x0000000000000213      0x1a6 Stm32_F103C6_Drivers/Keypad_Driver/Keypad.o
 .debug_abbrev  0x00000000000003b9      0x203 Stm32_F103C6_Drivers/LCD_Driver/lcd.o
 .debug_abbrev  0x00000000000005bc      0x227 Stm32_F103C6_Drivers/Stm32_F103C6_GPIO_Driver.o

.debug_loc      0x0000000000000000      0x772
 .debug_loc     0x0000000000000000      0x128 Src/main.o
 .debug_loc     0x0000000000000128       0x7c Stm32_F103C6_Drivers/Keypad_Driver/Keypad.o
 .debug_loc     0x00000000000001a4      0x24c Stm32_F103C6_Drivers/LCD_Driver/lcd.o
 .debug_loc     0x00000000000003f0      0x382 Stm32_F103C6_Drivers/Stm32_F103C6_GPIO_Driver.o

.debug_aranges  0x0000000000000000      0x150
 .debug_aranges
                0x0000000000000000       0x38 Src/main.o
 .debug_aranges
                0x0000000000000038       0x28 Startup/startup_stm32f103c6tx.o
 .debug_aranges
                0x0000000000000060       0x28 Stm32_F103C6_Drivers/Keypad_Driver/Keypad.o
 .debug_aranges
                0x0000000000000088       0x60 Stm32_F103C6_Drivers/LCD_Driver/lcd.o
 .debug_aranges
                0x00000000000000e8       0x68 Stm32_F103C6_Drivers/Stm32_F103C6_GPIO_Driver.o

.debug_ranges   0x0000000000000000      0x108
 .debug_ranges  0x0000000000000000       0x28 Src/main.o
 .debug_ranges  0x0000000000000028       0x20 Startup/startup_stm32f103c6tx.o
 .debug_ranges  0x0000000000000048       0x18 Stm32_F103C6_Drivers/Keypad_Driver/Keypad.o
 .debug_ranges  0x0000000000000060       0x50 Stm32_F103C6_Drivers/LCD_Driver/lcd.o
 .debug_ranges  0x00000000000000b0       0x58 Stm32_F103C6_Drivers/Stm32_F103C6_GPIO_Driver.o

.debug_macro    0x0000000000000000     0x1fb0
 .debug_macro   0x0000000000000000      0x191 Src/main.o
 .debug_macro   0x0000000000000191      0xa60 Src/main.o
 .debug_macro   0x0000000000000bf1       0x18 Src/main.o
 .debug_macro   0x0000000000000c09       0x22 Src/main.o
 .debug_macro   0x0000000000000c2b       0x40 Src/main.o
 .debug_macro   0x0000000000000c6b       0x94 Src/main.o
 .debug_macro   0x0000000000000cff       0x3c Src/main.o
 .debug_macro   0x0000000000000d3b       0x34 Src/main.o
 .debug_macro   0x0000000000000d6f       0x16 Src/main.o
 .debug_macro   0x0000000000000d85      0x10e Src/main.o
 .debug_macro   0x0000000000000e93       0x8d Src/main.o
 .debug_macro   0x0000000000000f20       0x57 Src/main.o
 .debug_macro   0x0000000000000f77       0x52 Src/main.o
 .debug_macro   0x0000000000000fc9       0x1f Src/main.o
 .debug_macro   0x0000000000000fe8       0x43 Src/main.o
 .debug_macro   0x000000000000102b       0x20 Src/main.o
 .debug_macro   0x000000000000104b      0x1a3 Src/main.o
 .debug_macro   0x00000000000011ee      0x330 Src/main.o
 .debug_macro   0x000000000000151e       0x16 Src/main.o
 .debug_macro   0x0000000000001534       0x29 Src/main.o
 .debug_macro   0x000000000000155d       0xef Src/main.o
 .debug_macro   0x000000000000164c       0x6a Src/main.o
 .debug_macro   0x00000000000016b6      0x1df Src/main.o
 .debug_macro   0x0000000000001895       0xb4 Src/main.o
 .debug_macro   0x0000000000001949       0xd0 Src/main.o
 .debug_macro   0x0000000000001a19       0x40 Src/main.o
 .debug_macro   0x0000000000001a59       0xa0 Src/main.o
 .debug_macro   0x0000000000001af9      0x152 Stm32_F103C6_Drivers/Keypad_Driver/Keypad.o
 .debug_macro   0x0000000000001c4b       0x3a Stm32_F103C6_Drivers/Keypad_Driver/Keypad.o
 .debug_macro   0x0000000000001c85      0x152 Stm32_F103C6_Drivers/LCD_Driver/lcd.o
 .debug_macro   0x0000000000001dd7       0x9a Stm32_F103C6_Drivers/LCD_Driver/lcd.o
 .debug_macro   0x0000000000001e71      0x13f Stm32_F103C6_Drivers/Stm32_F103C6_GPIO_Driver.o

.debug_line     0x0000000000000000     0x1a5c
 .debug_line    0x0000000000000000      0x685 Src/main.o
 .debug_line    0x0000000000000685       0x84 Startup/startup_stm32f103c6tx.o
 .debug_line    0x0000000000000709      0x646 Stm32_F103C6_Drivers/Keypad_Driver/Keypad.o
 .debug_line    0x0000000000000d4f      0x650 Stm32_F103C6_Drivers/LCD_Driver/lcd.o
 .debug_line    0x000000000000139f      0x6bd Stm32_F103C6_Drivers/Stm32_F103C6_GPIO_Driver.o

.debug_str      0x0000000000000000     0x7b70
 .debug_str     0x0000000000000000     0x789f Src/main.o
                                       0x7b08 (size before relaxing)
 .debug_str     0x000000000000789f       0x31 Startup/startup_stm32f103c6tx.o
                                         0x6a (size before relaxing)
 .debug_str     0x00000000000078d0       0x5d Stm32_F103C6_Drivers/Keypad_Driver/Keypad.o
                                       0x780d (size before relaxing)
 .debug_str     0x000000000000792d       0xd4 Stm32_F103C6_Drivers/LCD_Driver/lcd.o
                                       0x7a68 (size before relaxing)
 .debug_str     0x0000000000007a01      0x16f Stm32_F103C6_Drivers/Stm32_F103C6_GPIO_Driver.o
                                       0x78e5 (size before relaxing)

.comment        0x0000000000000000       0x7b
 .comment       0x0000000000000000       0x7b Src/main.o
                                         0x7c (size before relaxing)
 .comment       0x000000000000007b       0x7c Stm32_F103C6_Drivers/Keypad_Driver/Keypad.o
 .comment       0x000000000000007b       0x7c Stm32_F103C6_Drivers/LCD_Driver/lcd.o
 .comment       0x000000000000007b       0x7c Stm32_F103C6_Drivers/Stm32_F103C6_GPIO_Driver.o

.debug_frame    0x0000000000000000      0x3f0
 .debug_frame   0x0000000000000000       0x9c Src/main.o
 .debug_frame   0x000000000000009c       0x50 Stm32_F103C6_Drivers/Keypad_Driver/Keypad.o
 .debug_frame   0x00000000000000ec      0x138 Stm32_F103C6_Drivers/LCD_Driver/lcd.o
 .debug_frame   0x0000000000000224      0x1a0 Stm32_F103C6_Drivers/Stm32_F103C6_GPIO_Driver.o
 .debug_frame   0x00000000000003c4       0x2c c:/st/stm32cubeide_1.4.0/stm32cubeide/plugins/com.st.stm32cube.ide.mcu.externaltools.gnu-tools-for-stm32.7-2018-q2-update.win32_1.4.0.202007081208/tools/bin/../lib/gcc/arm-none-eabi/7.3.1/../../../../arm-none-eabi/lib/thumb/v7-m\libc_nano.a(lib_a-init.o)
